2024-06-24 11:24:38	line:169		Number of parameter: 77.49M
2024-06-24 11:24:40	line:153		<All keys matched successfully>
2024-06-24 11:25:30	line:169		Number of parameter: 77.49M
2024-06-24 11:25:30	line:153		<All keys matched successfully>
2024-06-24 11:26:32	line:169		Number of parameter: 77.49M
2024-06-24 11:26:33	line:153		<All keys matched successfully>
2024-06-24 11:29:46	line:169		Number of parameter: 77.49M
2024-06-24 11:29:47	line:153		<All keys matched successfully>
2024-06-24 11:35:14	line:169		Number of parameter: 77.49M
2024-06-24 11:35:15	line:153		<All keys matched successfully>
2024-06-24 11:35:15	line:97		[31m[1mWARNING: This is a development server. Do not use it in a production deployment. Use a production WSGI server instead.[0m
 * Running on all addresses (0.0.0.0)
 * Running on http://127.0.0.1:4569
 * Running on http://10.156.25.140:4569
2024-06-24 11:35:15	line:97		[33mPress CTRL+C to quit[0m
2024-06-24 11:36:07	line:310		实际输入的参考文本:-ref_wavs/所以现在又重新回到这里和大家见面了呢。
2024-06-24 11:36:07	line:314		实际输入的目标文本:-一个男人半夜遇上抢劫，却反过来将小混混打得落花流水，并且从他们身上得到了一件宝物。这个宝物能够让他看到人体内的秘密，他因此来到了一家古玩店，却发现这件宝物连二十都不值。就在他准备换一家古玩店的时候，紫色的提示框出现在他的眼前，告诉他问题出在佛像内部。
2024-06-24 11:36:11	line:358		实际输入的目标文本(切句后):-一个男人半夜遇上抢劫，却反过来将小混混打得落花流水，并且从他们身上得到了一件宝物。这个宝物能够让他看到人体内的秘密，
他因此来到了一家古玩店，却发现这件宝物连二十都不值。就在他准备换一家古玩店的时候，紫色的提示框出现在他的眼前，告诉他问题出在佛像内部。
2024-06-24 11:36:12	line:370		实际输入的目标文本(每句):-一个男人半夜遇上抢劫，却反过来将小混混打得落花流水，并且从他们身上得到了一件宝物。这个宝物能够让他看到人体内的秘密，
2024-06-24 11:36:12	line:264		['一个男人半夜遇上抢劫，却反过来将小混混打得落花流水，并且从他们身上得到了一件宝物。这个宝物能够让他看到人体内的秘密，']
2024-06-24 11:36:12	line:265		['zh']
2024-06-24 11:36:12	line:372		前端处理后的文本(每句):-一个男人半夜遇上抢劫,却反过来将小混混打得落花流水,并且从他们身上得到了一件宝物.这个宝物能够让他看到人体内的秘密,
2024-06-24 11:36:14	line:535		Traceback (most recent call last):
  File "/DATA/jupyter/share/lixinhao/GPT-SoVITS/GPT_SoVITS/my_utils.py", line 12, in load_audio
    ffmpeg.input(file, threads=0)
  File "/root/miniconda3/envs/index/lib/python3.10/site-packages/ffmpeg/_run.py", line 313, in run
    process = run_async(
  File "/root/miniconda3/envs/index/lib/python3.10/site-packages/ffmpeg/_run.py", line 284, in run_async
    return subprocess.Popen(
  File "/root/miniconda3/envs/index/lib/python3.10/subprocess.py", line 971, in __init__
    self._execute_child(args, executable, preexec_fn, close_fds,
  File "/root/miniconda3/envs/index/lib/python3.10/subprocess.py", line 1863, in _execute_child
    raise child_exception_type(errno_num, err_msg, err_filename)
FileNotFoundError: [Errno 2] No such file or directory: 'ffmpeg'

During handling of the above exception, another exception occurred:

Traceback (most recent call last):
  File "/DATA/jupyter/share/lixinhao/GPT-SoVITS/GPT_SoVITS/inference_webui2.py", line 526, in tts
    sr, audio = next(get_tts_wav(sovits_weights,gpt_weights,ref_path,ref_path[:-4],  text=text))
  File "/DATA/jupyter/share/lixinhao/GPT-SoVITS/GPT_SoVITS/inference_webui2.py", line 401, in get_tts_wav
    refer = get_spepc(hps, ref_wav_path)  # .to(device)
  File "/DATA/jupyter/share/lixinhao/GPT-SoVITS/GPT_SoVITS/inference_webui2.py", line 174, in get_spepc
    audio = load_audio(filename, int(hps.data.sampling_rate))
  File "/DATA/jupyter/share/lixinhao/GPT-SoVITS/GPT_SoVITS/my_utils.py", line 17, in load_audio
    raise RuntimeError(f"Failed to load audio: {e}")
RuntimeError: Failed to load audio: [Errno 2] No such file or directory: 'ffmpeg'

2024-06-24 11:36:14	line:97		127.0.0.1 - - [24/Jun/2024 11:36:14] "POST /tts HTTP/1.1" 200 -
2024-06-24 11:36:37	line:310		实际输入的参考文本:-ref_wavs/所以现在又重新回到这里和大家见面了呢。
2024-06-24 11:36:37	line:314		实际输入的目标文本:-一个男人半夜遇上抢劫，却反过来将小混混打得落花流水，并且从他们身上得到了一件宝物。这个宝物能够让他看到人体内的秘密，他因此来到了一家古玩店，却发现这件宝物连二十都不值。就在他准备换一家古玩店的时候，紫色的提示框出现在他的眼前，告诉他问题出在佛像内部。
2024-06-24 11:36:37	line:342		using ref cache
2024-06-24 11:36:37	line:358		实际输入的目标文本(切句后):-一个男人半夜遇上抢劫，却反过来将小混混打得落花流水，并且从他们身上得到了一件宝物。这个宝物能够让他看到人体内的秘密，
他因此来到了一家古玩店，却发现这件宝物连二十都不值。就在他准备换一家古玩店的时候，紫色的提示框出现在他的眼前，告诉他问题出在佛像内部。
2024-06-24 11:36:37	line:370		实际输入的目标文本(每句):-一个男人半夜遇上抢劫，却反过来将小混混打得落花流水，并且从他们身上得到了一件宝物。这个宝物能够让他看到人体内的秘密，
2024-06-24 11:36:37	line:264		['一个男人半夜遇上抢劫，却反过来将小混混打得落花流水，并且从他们身上得到了一件宝物。这个宝物能够让他看到人体内的秘密，']
2024-06-24 11:36:37	line:265		['zh']
2024-06-24 11:36:37	line:372		前端处理后的文本(每句):-一个男人半夜遇上抢劫,却反过来将小混混打得落花流水,并且从他们身上得到了一件宝物.这个宝物能够让他看到人体内的秘密,
2024-06-24 11:36:39	line:370		实际输入的目标文本(每句):-他因此来到了一家古玩店，却发现这件宝物连二十都不值。就在他准备换一家古玩店的时候，紫色的提示框出现在他的眼前，告诉他问题出在佛像内部。
2024-06-24 11:36:39	line:264		['他因此来到了一家古玩店，却发现这件宝物连二十都不值。就在他准备换一家古玩店的时候，紫色的提示框出现在他的眼前，告诉他问题出在佛像内部。']
2024-06-24 11:36:39	line:265		['zh']
2024-06-24 11:36:39	line:372		前端处理后的文本(每句):-他因此来到了一家古玩店,却发现这件宝物连二十都不值.就在他准备换一家古玩店的时候,紫色的提示框出现在他的眼前,告诉他问题出在佛像内部.
2024-06-24 11:36:42	line:420		0.000	2.255	1.862	0.461
2024-06-24 11:36:42	line:531		4.600601673126221
2024-06-24 11:36:42	line:97		127.0.0.1 - - [24/Jun/2024 11:36:42] "POST /tts HTTP/1.1" 200 -
2024-06-24 14:34:52	line:169		Number of parameter: 77.49M
2024-06-24 14:34:53	line:153		<All keys matched successfully>
2024-06-24 14:34:53	line:97		[31m[1mWARNING: This is a development server. Do not use it in a production deployment. Use a production WSGI server instead.[0m
 * Running on all addresses (0.0.0.0)
 * Running on http://127.0.0.1:4569
 * Running on http://10.156.25.140:4569
2024-06-24 14:34:53	line:97		[33mPress CTRL+C to quit[0m
2024-06-25 14:06:50	line:169		Number of parameter: 77.49M
2024-06-25 14:06:52	line:153		<All keys matched successfully>
2024-06-25 14:06:52	line:97		[31m[1mWARNING: This is a development server. Do not use it in a production deployment. Use a production WSGI server instead.[0m
 * Running on all addresses (0.0.0.0)
 * Running on http://127.0.0.1:4569
 * Running on http://10.156.25.140:4569
2024-06-25 14:06:52	line:97		[33mPress CTRL+C to quit[0m
2024-06-25 14:09:08	line:310		实际输入的参考文本:-ref_wavs/所以现在又重新回到这里和大家见面了呢。
2024-06-25 14:09:08	line:314		实际输入的目标文本:-你好你好你好你好你好你好你好你好你好你好你好你好你好你好你好你好你好你好你好你好你好你好你好你好你好你好你好你好你好你好你好你好你好你好你好你好你好你好你好你好你好你好你好你好你好你好你好你好你好你好你好你好你好你好你好你好你好你好你好你好你好你好你好你好你好你好你好你好你好你好你好你好你好你好你好你好你好你好你好你好你好你好你好你好你好你好你好你好你好你好你好你好你好你好你好你好你好你好你好你好你好你好你好你好你好你好你好你好你好你好你好你好你好你好你好你好你好你好你好你好你好你好你好你好你好你好你好你好你好你好你好你好你好你好你好你好你好你好你好你好你好你好你好你好你好你好你好你好你好你好你好你好你好你好你好你好你好你好你好你好你好你好你好你好你好你好你好你好你好你好你好你好你好你好你好你好你好你好你好你好你好你好你好你好你好你好你好你好你好你好你好你好你好你好你好你好你好你好你好你好你好你好你好你好你好你好你好你好你好你好你好你好你好你好你好你好你好你好你好你好你好你好你好你好你好你好你好你好你好你好你好你好你好你好你好你好你好你好你好你好你好你好你好你好你好你好你好你好你好你好你好你好你好你好你好你好你好你好你好你好你好你好你好你好你好你好你好你好你好你好你好你好你好你好你好你好你好你好你好你好你好你好你好你好你好你好你好你好你好你好你好你好你好你好你好你好你好你好你好你好你好你好你好你好你好你好你好你好你好你好你好你好你好你好你好你好你好你好你好你好你好你好你好你好你好你好你好你好你好你好你好你好你好你好你好你好你好你好你好你好你好你好你好你好你好你好你好你好你好你好你好你好你好你好你好你好你好你好你好你好你好你好你好你好你好你好你好你好你好你好你好你好你好你好你好你好你好你好你好你好你好你好你好你好你好你好你好你好你好你好你好你好你好你好你好你好你好你好你好你好你好你好你好你好你好你好你好你好你好你好你好你好你好你好你好你好你好你好你好你好你好你好你好你好你好你好你好你好你好你好你好你好你好你好你好你好你好你好你好你好你好你好你好你好你好你好你好你好你好你好你好你好你好你好你好你好你好你好你好你好你好你好你好你好你好你好你好你好你好你好你好你好你好你好你好你好你好你好你好你好你好你好你好你好你好你好你好你好你好你好你好你好你好你好你好你好你好你好你好你好你好你好你好你好你好你好你好你好你好你好你好你好
2024-06-25 14:09:11	line:358		实际输入的目标文本(切句后):-你好你好你好你好你好你好你好你好你好你好你好你好你好你好你好你好你好你好你好你好你好你好你好你好你好你好你好你好你好你好你好你好你好你好你好你好你好你好你好你好你好你好你好你好你好你好你好你好你好你好你好你好你好你好你好你好你好你好你好你好你好你好你好你好你好你好你好你好你好你好你好你好你好你好你好你好你好你好你好你好你好你好你好你好你好你好你好你好你好你好你好你好你好你好你好你好你好你好你好你好你好你好你好你好你好你好你好你好你好你好你好你好你好你好你好你好你好你好你好你好你好你好你好你好你好你好你好你好你好你好你好你好你好你好你好你好你好你好你好你好你好你好你好你好你好你好你好你好你好你好你好你好你好你好你好你好你好你好你好你好你好你好你好你好你好你好你好你好你好你好你好你好你好你好你好你好你好你好你好你好你好你好你好你好你好你好你好你好你好你好你好你好你好你好你好你好你好你好你好你好你好你好你好你好你好你好你好你好你好你好你好你好你好你好你好你好你好你好你好你好你好你好你好你好你好你好你好你好你好你好你好你好你好你好你好你好你好你好你好你好你好你好你好你好你好你好你好你好你好你好你好你好你好你好你好你好你好你好你好你好你好你好你好你好你好你好你好你好你好你好你好你好你好你好你好你好你好你好你好你好你好你好你好你好你好你好你好你好你好你好你好你好你好你好你好你好你好你好你好你好你好你好你好你好你好你好你好你好你好你好你好你好你好你好你好你好你好你好你好你好你好你好你好你好你好你好你好你好你好你好你好你好你好你好你好你好你好你好你好你好你好你好你好你好你好你好你好你好你好你好你好你好你好你好你好你好你好你好你好你好你好你好你好你好你好你好你好你好你好你好你好你好你好你好你好你好你好你好你好你好你好你好你好你好你好你好你好你好你好你好你好你好你好你好你好你好你好你好你好你好你好你好你好你好你好你好你好你好你好你好你好你好你好你好你好你好你好你好你好你好你好你好你好你好你好你好你好你好你好你好你好你好你好你好你好你好你好你好你好你好你好你好你好你好你好你好你好你好你好你好你好你好你好你好你好你好你好你好你好你好你好你好你好你好你好你好你好你好你好你好你好你好你好你好你好你好你好你好你好你好你好你好你好你好你好你好你好你好你好你好你好你好你好你好你好你好你好你好你好你好你好你好你好你好你好你好你好你好你好你好你好你好
2024-06-25 14:09:12	line:370		实际输入的目标文本(每句):-你好你好你好你好你好你好你好你好你好你好你好你好你好你好你好你好你好你好你好你好你好你好你好你好你好你好你好你好你好你好你好你好你好你好你好你好你好你好你好你好你好你好你好你好你好你好你好你好你好你好你好你好你好你好你好你好你好你好你好你好你好你好你好你好你好你好你好你好你好你好你好你好你好你好你好你好你好你好你好你好你好你好你好你好你好你好你好你好你好你好你好你好你好你好你好你好你好你好你好你好你好你好你好你好你好你好你好你好你好你好你好你好你好你好你好你好你好你好你好你好你好你好你好你好你好你好你好你好你好你好你好你好你好你好你好你好你好你好你好你好你好你好你好你好你好你好你好你好你好你好你好你好你好你好你好你好你好你好你好你好你好你好你好你好你好你好你好你好你好你好你好你好你好你好你好你好你好你好你好你好你好你好你好你好你好你好你好你好你好你好你好你好你好你好你好你好你好你好你好你好你好你好你好你好你好你好你好你好你好你好你好你好你好你好你好你好你好你好你好你好你好你好你好你好你好你好你好你好你好你好你好你好你好你好你好你好你好你好你好你好你好你好你好你好你好你好你好你好你好你好你好你好你好你好你好你好你好你好你好你好你好你好你好你好你好你好你好你好你好你好你好你好你好你好你好你好你好你好你好你好你好你好你好你好你好你好你好你好你好你好你好你好你好你好你好你好你好你好你好你好你好你好你好你好你好你好你好你好你好你好你好你好你好你好你好你好你好你好你好你好你好你好你好你好你好你好你好你好你好你好你好你好你好你好你好你好你好你好你好你好你好你好你好你好你好你好你好你好你好你好你好你好你好你好你好你好你好你好你好你好你好你好你好你好你好你好你好你好你好你好你好你好你好你好你好你好你好你好你好你好你好你好你好你好你好你好你好你好你好你好你好你好你好你好你好你好你好你好你好你好你好你好你好你好你好你好你好你好你好你好你好你好你好你好你好你好你好你好你好你好你好你好你好你好你好你好你好你好你好你好你好你好你好你好你好你好你好你好你好你好你好你好你好你好你好你好你好你好你好你好你好你好你好你好你好你好你好你好你好你好你好你好你好你好你好你好你好你好你好你好你好你好你好你好你好你好你好你好你好你好你好你好你好你好你好你好你好你好你好你好你好你好你好你好你好你好你好你好你好你好你好你好你好你好你好你好你好你好你好你好你好你好。
2024-06-25 14:09:12	line:264		['你好你好你好你好你好你好你好你好你好你好你好你好你好你好你好你好你好你好你好你好你好你好你好你好你好你好你好你好你好你好你好你好你好你好你好你好你好你好你好你好你好你好你好你好你好你好你好你好你好你好你好你好你好你好你好你好你好你好你好你好你好你好你好你好你好你好你好你好你好你好你好你好你好你好你好你好你好你好你好你好你好你好你好你好你好你好你好你好你好你好你好你好你好你好你好你好你好你好你好你好你好你好你好你好你好你好你好你好你好你好你好你好你好你好你好你好你好你好你好你好你好你好你好你好你好你好你好你好你好你好你好你好你好你好你好你好你好你好你好你好你好你好你好你好你好你好你好你好你好你好你好你好你好你好你好你好你好你好你好你好你好你好你好你好你好你好你好你好你好你好你好你好你好你好你好你好你好你好你好你好你好你好你好你好你好你好你好你好你好你好你好你好你好你好你好你好你好你好你好你好你好你好你好你好你好你好你好你好你好你好你好你好你好你好你好你好你好你好你好你好你好你好你好你好你好你好你好你好你好你好你好你好你好你好你好你好你好你好你好你好你好你好你好你好你好你好你好你好你好你好你好你好你好你好你好你好你好你好你好你好你好你好你好你好你好你好你好你好你好你好你好你好你好你好你好你好你好你好你好你好你好你好你好你好你好你好你好你好你好你好你好你好你好你好你好你好你好你好你好你好你好你好你好你好你好你好你好你好你好你好你好你好你好你好你好你好你好你好你好你好你好你好你好你好你好你好你好你好你好你好你好你好你好你好你好你好你好你好你好你好你好你好你好你好你好你好你好你好你好你好你好你好你好你好你好你好你好你好你好你好你好你好你好你好你好你好你好你好你好你好你好你好你好你好你好你好你好你好你好你好你好你好你好你好你好你好你好你好你好你好你好你好你好你好你好你好你好你好你好你好你好你好你好你好你好你好你好你好你好你好你好你好你好你好你好你好你好你好你好你好你好你好你好你好你好你好你好你好你好你好你好你好你好你好你好你好你好你好你好你好你好你好你好你好你好你好你好你好你好你好你好你好你好你好你好你好你好你好你好你好你好你好你好你好你好你好你好你好你好你好你好你好你好你好你好你好你好你好你好你好你好你好你好你好你好你好你好你好你好你好你好你好你好你好你好你好你好你好你好你好你好你好你好你好你好你好你好你好你好你好你好你好。']
2024-06-25 14:09:12	line:265		['zh']
2024-06-25 14:09:12	line:535		Traceback (most recent call last):
  File "/DATA/jupyter/share/lixinhao/bingtang/GPT-SoVITS/GPT_SoVITS/inference_webui2.py", line 526, in tts
    sr, audio = next(get_tts_wav(sovits_weights,gpt_weights,ref_path,ref_path[:-4],  text=text))
  File "/DATA/jupyter/share/lixinhao/bingtang/GPT-SoVITS/GPT_SoVITS/inference_webui2.py", line 371, in get_tts_wav
    phones2,bert2,norm_text2=get_phones_and_bert(text, text_language)
  File "/DATA/jupyter/share/lixinhao/bingtang/GPT-SoVITS/GPT_SoVITS/inference_webui2.py", line 272, in get_phones_and_bert
    bert = get_bert_inf(phones, word2ph, norm_text, lang)
  File "/DATA/jupyter/share/lixinhao/bingtang/GPT-SoVITS/GPT_SoVITS/inference_webui2.py", line 208, in get_bert_inf
    bert = get_bert_feature(norm_text, word2ph).to(device)#.to(dtype)
  File "/DATA/jupyter/share/lixinhao/bingtang/GPT-SoVITS/GPT_SoVITS/inference_webui2.py", line 90, in get_bert_feature
    res = bert_model(**inputs, output_hidden_states=True)
  File "/root/miniconda3/envs/index/lib/python3.10/site-packages/torch/nn/modules/module.py", line 1518, in _wrapped_call_impl
    return self._call_impl(*args, **kwargs)
  File "/root/miniconda3/envs/index/lib/python3.10/site-packages/torch/nn/modules/module.py", line 1527, in _call_impl
    return forward_call(*args, **kwargs)
  File "/root/miniconda3/envs/index/lib/python3.10/site-packages/transformers/models/bert/modeling_bert.py", line 1358, in forward
    outputs = self.bert(
  File "/root/miniconda3/envs/index/lib/python3.10/site-packages/torch/nn/modules/module.py", line 1518, in _wrapped_call_impl
    return self._call_impl(*args, **kwargs)
  File "/root/miniconda3/envs/index/lib/python3.10/site-packages/torch/nn/modules/module.py", line 1527, in _call_impl
    return forward_call(*args, **kwargs)
  File "/root/miniconda3/envs/index/lib/python3.10/site-packages/transformers/models/bert/modeling_bert.py", line 1015, in forward
    embedding_output = self.embeddings(
  File "/root/miniconda3/envs/index/lib/python3.10/site-packages/torch/nn/modules/module.py", line 1518, in _wrapped_call_impl
    return self._call_impl(*args, **kwargs)
  File "/root/miniconda3/envs/index/lib/python3.10/site-packages/torch/nn/modules/module.py", line 1527, in _call_impl
    return forward_call(*args, **kwargs)
  File "/root/miniconda3/envs/index/lib/python3.10/site-packages/transformers/models/bert/modeling_bert.py", line 238, in forward
    embeddings += position_embeddings
RuntimeError: The size of tensor a (1027) must match the size of tensor b (512) at non-singleton dimension 1

2024-06-25 14:09:12	line:97		127.0.0.1 - - [25/Jun/2024 14:09:12] "POST /tts HTTP/1.1" 200 -
2024-06-25 14:09:25	line:310		实际输入的参考文本:-ref_wavs/所以现在又重新回到这里和大家见面了呢。
2024-06-25 14:09:25	line:314		实际输入的目标文本:-。你好，糖果铺。
2024-06-25 14:09:25	line:342		using ref cache
2024-06-25 14:09:25	line:358		实际输入的目标文本(切句后):-。你好，糖果铺。
2024-06-25 14:09:25	line:370		实际输入的目标文本(每句):-。你好，糖果铺。
2024-06-25 14:09:25	line:264		['。你好，糖果铺。']
2024-06-25 14:09:25	line:265		['zh']
2024-06-25 14:09:25	line:372		前端处理后的文本(每句):-.你好,糖果铺.
2024-06-25 14:09:26	line:420		0.001	0.036	0.264	0.527
2024-06-25 14:09:26	line:531		0.8328197002410889
2024-06-25 14:09:26	line:97		127.0.0.1 - - [25/Jun/2024 14:09:26] "POST /tts HTTP/1.1" 200 -
2024-06-25 14:10:32	line:97		127.0.0.1 - - [25/Jun/2024 14:10:32] "POST /update_weights HTTP/1.1" 200 -
2024-06-25 14:10:44	line:310		实际输入的参考文本:-ref_wavs/所以现在又重新回到这里和大家见面了呢。
2024-06-25 14:10:44	line:314		实际输入的目标文本:-你个傻逼，我测你马
2024-06-25 14:10:44	line:342		using ref cache
2024-06-25 14:10:44	line:358		实际输入的目标文本(切句后):-你个傻逼，我测你马
2024-06-25 14:10:44	line:370		实际输入的目标文本(每句):-你个傻逼，我测你马。
2024-06-25 14:10:44	line:264		['你个傻逼，我测你马。']
2024-06-25 14:10:44	line:265		['zh']
2024-06-25 14:10:44	line:372		前端处理后的文本(每句):-你个傻逼,我测你马.
2024-06-25 14:10:45	line:420		0.002	0.045	0.390	0.498
2024-06-25 14:10:45	line:531		0.9393520355224609
2024-06-25 14:10:45	line:97		127.0.0.1 - - [25/Jun/2024 14:10:45] "POST /tts HTTP/1.1" 200 -
2024-06-25 14:13:00	line:310		实际输入的参考文本:-ref_wavs/所以现在又重新回到这里和大家见面了呢。
2024-06-25 14:13:00	line:314		实际输入的目标文本:-把你🐎给我交了，我教你
2024-06-25 14:13:00	line:342		using ref cache
2024-06-25 14:13:00	line:358		实际输入的目标文本(切句后):-把你🐎给我交了，我教你
2024-06-25 14:13:00	line:370		实际输入的目标文本(每句):-把你🐎给我交了，我教你。
2024-06-25 14:13:00	line:264		['把你🐎给我交了，我教你。']
2024-06-25 14:13:00	line:265		['zh']
2024-06-25 14:13:00	line:372		前端处理后的文本(每句):-把你给我交了,我教你.
2024-06-25 14:13:01	line:420		0.001	0.044	0.495	0.685
2024-06-25 14:13:01	line:531		1.230241298675537
2024-06-25 14:13:01	line:97		127.0.0.1 - - [25/Jun/2024 14:13:01] "POST /tts HTTP/1.1" 200 -
2024-06-25 17:41:11	line:169		Number of parameter: 77.49M
2024-06-25 17:41:11	line:153		<All keys matched successfully>
2024-06-25 17:41:12	line:97		[31m[1mWARNING: This is a development server. Do not use it in a production deployment. Use a production WSGI server instead.[0m
 * Running on all addresses (0.0.0.0)
 * Running on http://127.0.0.1:4569
 * Running on http://10.156.25.140:4569
2024-06-25 17:41:12	line:97		[33mPress CTRL+C to quit[0m
2024-06-25 17:47:50	line:310		实际输入的参考文本:-ref_wavs/所以现在又重新回到这里和大家见面了呢。
2024-06-25 17:47:50	line:314		实际输入的目标文本:-。你好呀，糖果铺。
2024-06-25 17:47:56	line:358		实际输入的目标文本(切句后):-。你好呀，糖果铺。
2024-06-25 17:47:58	line:370		实际输入的目标文本(每句):-。你好呀，糖果铺。
2024-06-25 17:47:58	line:264		['。你好呀，糖果铺。']
2024-06-25 17:47:58	line:265		['zh']
2024-06-25 17:47:58	line:372		前端处理后的文本(每句):-.你好呀,糖果铺.
2024-06-25 17:47:59	line:420		5.701	1.633	0.422	0.576
2024-06-25 17:47:59	line:531		8.337408304214478
2024-06-25 17:47:59	line:97		127.0.0.1 - - [25/Jun/2024 17:47:59] "POST /tts HTTP/1.1" 200 -
2024-06-25 17:48:30	line:97		127.0.0.1 - - [25/Jun/2024 17:48:30] "POST /update_weights HTTP/1.1" 200 -
2024-06-25 17:49:54	line:310		实际输入的参考文本:-ref_wavs/所以现在又重新回到这里和大家见面了呢。
2024-06-25 17:49:54	line:314		实际输入的目标文本:-你笑我文化程度低，我笑你工资水平低，你个傻逼。
2024-06-25 17:49:54	line:342		using ref cache
2024-06-25 17:49:54	line:358		实际输入的目标文本(切句后):-你笑我文化程度低，我笑你工资水平低，你个傻逼。
2024-06-25 17:49:54	line:370		实际输入的目标文本(每句):-你笑我文化程度低，我笑你工资水平低，你个傻逼。
2024-06-25 17:49:54	line:264		['你笑我文化程度低，我笑你工资水平低，你个傻逼。']
2024-06-25 17:49:54	line:265		['zh']
2024-06-25 17:49:54	line:372		前端处理后的文本(每句):-你笑我文化程度低,我笑你工资水平低,你个傻逼.
2024-06-25 17:49:56	line:420		0.001	0.083	1.346	0.500
2024-06-25 17:49:56	line:531		1.9385111331939697
2024-06-25 17:49:56	line:97		127.0.0.1 - - [25/Jun/2024 17:49:56] "POST /tts HTTP/1.1" 200 -
