2024-06-24 11:24:38	line:169		Number of parameter: 77.49M
2024-06-24 11:24:40	line:153		<All keys matched successfully>
2024-06-24 11:25:30	line:169		Number of parameter: 77.49M
2024-06-24 11:25:30	line:153		<All keys matched successfully>
2024-06-24 11:26:32	line:169		Number of parameter: 77.49M
2024-06-24 11:26:33	line:153		<All keys matched successfully>
2024-06-24 11:29:46	line:169		Number of parameter: 77.49M
2024-06-24 11:29:47	line:153		<All keys matched successfully>
2024-06-24 11:35:14	line:169		Number of parameter: 77.49M
2024-06-24 11:35:15	line:153		<All keys matched successfully>
2024-06-24 11:35:15	line:97		[31m[1mWARNING: This is a development server. Do not use it in a production deployment. Use a production WSGI server instead.[0m
 * Running on all addresses (0.0.0.0)
 * Running on http://127.0.0.1:4569
 * Running on http://10.156.25.140:4569
2024-06-24 11:35:15	line:97		[33mPress CTRL+C to quit[0m
2024-06-24 11:36:07	line:310		хоЮщЩЕш╛УхЕечЪДхПВшАГцЦЗцЬм:-ref_wavs/цЙАф╗ечО░хЬихПИщЗНцЦ░хЫЮхИ░ш┐ЩщЗМхТМхдзхо╢шзБщЭвф║ЖхСвуАВ
2024-06-24 11:36:07	line:314		хоЮщЩЕш╛УхЕечЪДчЫоцаЗцЦЗцЬм:-ф╕Аф╕кчФ╖ф║║хНКхдЬщБЗф╕КцКвхКля╝МхН┤хПНш┐ЗцЭех░Жх░Пц╖╖ц╖╖цЙУх╛ЧшР╜шК▒ц╡Бц░┤я╝Мх╣╢ф╕Фф╗Оф╗Цф╗мш║лф╕Кх╛ЧхИ░ф║Жф╕Аф╗╢хоЭчЙйуАВш┐Щф╕кхоЭчЙйшГ╜хдЯшойф╗ЦчЬЛхИ░ф║║ф╜УхЖЕчЪДчзШхпЖя╝Мф╗ЦхЫацндцЭехИ░ф║Жф╕Ахо╢хПдчОйх║Чя╝МхН┤хПСчО░ш┐Щф╗╢хоЭчЙйш┐Юф║МхНБщГ╜ф╕НхА╝уАВх░▒хЬиф╗ЦхЗЖхдЗцНвф╕Ахо╢хПдчОйх║ЧчЪДцЧ╢хАЩя╝Мч┤лшЙ▓чЪДцПРчд║цбЖхЗ║чО░хЬиф╗ЦчЪДчЬ╝хЙНя╝МхСКшпЙф╗ЦщЧощвШхЗ║хЬиф╜ЫхГПхЖЕщГиуАВ
2024-06-24 11:36:11	line:358		хоЮщЩЕш╛УхЕечЪДчЫоцаЗцЦЗцЬм(хИЗхПехРО):-ф╕Аф╕кчФ╖ф║║хНКхдЬщБЗф╕КцКвхКля╝МхН┤хПНш┐ЗцЭех░Жх░Пц╖╖ц╖╖цЙУх╛ЧшР╜шК▒ц╡Бц░┤я╝Мх╣╢ф╕Фф╗Оф╗Цф╗мш║лф╕Кх╛ЧхИ░ф║Жф╕Аф╗╢хоЭчЙйуАВш┐Щф╕кхоЭчЙйшГ╜хдЯшойф╗ЦчЬЛхИ░ф║║ф╜УхЖЕчЪДчзШхпЖя╝М
ф╗ЦхЫацндцЭехИ░ф║Жф╕Ахо╢хПдчОйх║Чя╝МхН┤хПСчО░ш┐Щф╗╢хоЭчЙйш┐Юф║МхНБщГ╜ф╕НхА╝уАВх░▒хЬиф╗ЦхЗЖхдЗцНвф╕Ахо╢хПдчОйх║ЧчЪДцЧ╢хАЩя╝Мч┤лшЙ▓чЪДцПРчд║цбЖхЗ║чО░хЬиф╗ЦчЪДчЬ╝хЙНя╝МхСКшпЙф╗ЦщЧощвШхЗ║хЬиф╜ЫхГПхЖЕщГиуАВ
2024-06-24 11:36:12	line:370		хоЮщЩЕш╛УхЕечЪДчЫоцаЗцЦЗцЬм(цпПхПе):-ф╕Аф╕кчФ╖ф║║хНКхдЬщБЗф╕КцКвхКля╝МхН┤хПНш┐ЗцЭех░Жх░Пц╖╖ц╖╖цЙУх╛ЧшР╜шК▒ц╡Бц░┤я╝Мх╣╢ф╕Фф╗Оф╗Цф╗мш║лф╕Кх╛ЧхИ░ф║Жф╕Аф╗╢хоЭчЙйуАВш┐Щф╕кхоЭчЙйшГ╜хдЯшойф╗ЦчЬЛхИ░ф║║ф╜УхЖЕчЪДчзШхпЖя╝М
2024-06-24 11:36:12	line:264		['ф╕Аф╕кчФ╖ф║║хНКхдЬщБЗф╕КцКвхКля╝МхН┤хПНш┐ЗцЭех░Жх░Пц╖╖ц╖╖цЙУх╛ЧшР╜шК▒ц╡Бц░┤я╝Мх╣╢ф╕Фф╗Оф╗Цф╗мш║лф╕Кх╛ЧхИ░ф║Жф╕Аф╗╢хоЭчЙйуАВш┐Щф╕кхоЭчЙйшГ╜хдЯшойф╗ЦчЬЛхИ░ф║║ф╜УхЖЕчЪДчзШхпЖя╝М']
2024-06-24 11:36:12	line:265		['zh']
2024-06-24 11:36:12	line:372		хЙНчлпхдДчРЖхРОчЪДцЦЗцЬм(цпПхПе):-ф╕Аф╕кчФ╖ф║║хНКхдЬщБЗф╕КцКвхКл,хН┤хПНш┐ЗцЭех░Жх░Пц╖╖ц╖╖цЙУх╛ЧшР╜шК▒ц╡Бц░┤,х╣╢ф╕Фф╗Оф╗Цф╗мш║лф╕Кх╛ЧхИ░ф║Жф╕Аф╗╢хоЭчЙй.ш┐Щф╕кхоЭчЙйшГ╜хдЯшойф╗ЦчЬЛхИ░ф║║ф╜УхЖЕчЪДчзШхпЖ,
2024-06-24 11:36:14	line:535		Traceback (most recent call last):
  File "/DATA/jupyter/share/lixinhao/GPT-SoVITS/GPT_SoVITS/my_utils.py", line 12, in load_audio
    ffmpeg.input(file, threads=0)
  File "/root/miniconda3/envs/index/lib/python3.10/site-packages/ffmpeg/_run.py", line 313, in run
    process = run_async(
  File "/root/miniconda3/envs/index/lib/python3.10/site-packages/ffmpeg/_run.py", line 284, in run_async
    return subprocess.Popen(
  File "/root/miniconda3/envs/index/lib/python3.10/subprocess.py", line 971, in __init__
    self._execute_child(args, executable, preexec_fn, close_fds,
  File "/root/miniconda3/envs/index/lib/python3.10/subprocess.py", line 1863, in _execute_child
    raise child_exception_type(errno_num, err_msg, err_filename)
FileNotFoundError: [Errno 2] No such file or directory: 'ffmpeg'

During handling of the above exception, another exception occurred:

Traceback (most recent call last):
  File "/DATA/jupyter/share/lixinhao/GPT-SoVITS/GPT_SoVITS/inference_webui2.py", line 526, in tts
    sr, audio = next(get_tts_wav(sovits_weights,gpt_weights,ref_path,ref_path[:-4],  text=text))
  File "/DATA/jupyter/share/lixinhao/GPT-SoVITS/GPT_SoVITS/inference_webui2.py", line 401, in get_tts_wav
    refer = get_spepc(hps, ref_wav_path)  # .to(device)
  File "/DATA/jupyter/share/lixinhao/GPT-SoVITS/GPT_SoVITS/inference_webui2.py", line 174, in get_spepc
    audio = load_audio(filename, int(hps.data.sampling_rate))
  File "/DATA/jupyter/share/lixinhao/GPT-SoVITS/GPT_SoVITS/my_utils.py", line 17, in load_audio
    raise RuntimeError(f"Failed to load audio: {e}")
RuntimeError: Failed to load audio: [Errno 2] No such file or directory: 'ffmpeg'

2024-06-24 11:36:14	line:97		127.0.0.1 - - [24/Jun/2024 11:36:14] "POST /tts HTTP/1.1" 200 -
2024-06-24 11:36:37	line:310		хоЮщЩЕш╛УхЕечЪДхПВшАГцЦЗцЬм:-ref_wavs/цЙАф╗ечО░хЬихПИщЗНцЦ░хЫЮхИ░ш┐ЩщЗМхТМхдзхо╢шзБщЭвф║ЖхСвуАВ
2024-06-24 11:36:37	line:314		хоЮщЩЕш╛УхЕечЪДчЫоцаЗцЦЗцЬм:-ф╕Аф╕кчФ╖ф║║хНКхдЬщБЗф╕КцКвхКля╝МхН┤хПНш┐ЗцЭех░Жх░Пц╖╖ц╖╖цЙУх╛ЧшР╜шК▒ц╡Бц░┤я╝Мх╣╢ф╕Фф╗Оф╗Цф╗мш║лф╕Кх╛ЧхИ░ф║Жф╕Аф╗╢хоЭчЙйуАВш┐Щф╕кхоЭчЙйшГ╜хдЯшойф╗ЦчЬЛхИ░ф║║ф╜УхЖЕчЪДчзШхпЖя╝Мф╗ЦхЫацндцЭехИ░ф║Жф╕Ахо╢хПдчОйх║Чя╝МхН┤хПСчО░ш┐Щф╗╢хоЭчЙйш┐Юф║МхНБщГ╜ф╕НхА╝уАВх░▒хЬиф╗ЦхЗЖхдЗцНвф╕Ахо╢хПдчОйх║ЧчЪДцЧ╢хАЩя╝Мч┤лшЙ▓чЪДцПРчд║цбЖхЗ║чО░хЬиф╗ЦчЪДчЬ╝хЙНя╝МхСКшпЙф╗ЦщЧощвШхЗ║хЬиф╜ЫхГПхЖЕщГиуАВ
2024-06-24 11:36:37	line:342		using ref cache
2024-06-24 11:36:37	line:358		хоЮщЩЕш╛УхЕечЪДчЫоцаЗцЦЗцЬм(хИЗхПехРО):-ф╕Аф╕кчФ╖ф║║хНКхдЬщБЗф╕КцКвхКля╝МхН┤хПНш┐ЗцЭех░Жх░Пц╖╖ц╖╖цЙУх╛ЧшР╜шК▒ц╡Бц░┤я╝Мх╣╢ф╕Фф╗Оф╗Цф╗мш║лф╕Кх╛ЧхИ░ф║Жф╕Аф╗╢хоЭчЙйуАВш┐Щф╕кхоЭчЙйшГ╜хдЯшойф╗ЦчЬЛхИ░ф║║ф╜УхЖЕчЪДчзШхпЖя╝М
ф╗ЦхЫацндцЭехИ░ф║Жф╕Ахо╢хПдчОйх║Чя╝МхН┤хПСчО░ш┐Щф╗╢хоЭчЙйш┐Юф║МхНБщГ╜ф╕НхА╝уАВх░▒хЬиф╗ЦхЗЖхдЗцНвф╕Ахо╢хПдчОйх║ЧчЪДцЧ╢хАЩя╝Мч┤лшЙ▓чЪДцПРчд║цбЖхЗ║чО░хЬиф╗ЦчЪДчЬ╝хЙНя╝МхСКшпЙф╗ЦщЧощвШхЗ║хЬиф╜ЫхГПхЖЕщГиуАВ
2024-06-24 11:36:37	line:370		хоЮщЩЕш╛УхЕечЪДчЫоцаЗцЦЗцЬм(цпПхПе):-ф╕Аф╕кчФ╖ф║║хНКхдЬщБЗф╕КцКвхКля╝МхН┤хПНш┐ЗцЭех░Жх░Пц╖╖ц╖╖цЙУх╛ЧшР╜шК▒ц╡Бц░┤я╝Мх╣╢ф╕Фф╗Оф╗Цф╗мш║лф╕Кх╛ЧхИ░ф║Жф╕Аф╗╢хоЭчЙйуАВш┐Щф╕кхоЭчЙйшГ╜хдЯшойф╗ЦчЬЛхИ░ф║║ф╜УхЖЕчЪДчзШхпЖя╝М
2024-06-24 11:36:37	line:264		['ф╕Аф╕кчФ╖ф║║хНКхдЬщБЗф╕КцКвхКля╝МхН┤хПНш┐ЗцЭех░Жх░Пц╖╖ц╖╖цЙУх╛ЧшР╜шК▒ц╡Бц░┤я╝Мх╣╢ф╕Фф╗Оф╗Цф╗мш║лф╕Кх╛ЧхИ░ф║Жф╕Аф╗╢хоЭчЙйуАВш┐Щф╕кхоЭчЙйшГ╜хдЯшойф╗ЦчЬЛхИ░ф║║ф╜УхЖЕчЪДчзШхпЖя╝М']
2024-06-24 11:36:37	line:265		['zh']
2024-06-24 11:36:37	line:372		хЙНчлпхдДчРЖхРОчЪДцЦЗцЬм(цпПхПе):-ф╕Аф╕кчФ╖ф║║хНКхдЬщБЗф╕КцКвхКл,хН┤хПНш┐ЗцЭех░Жх░Пц╖╖ц╖╖цЙУх╛ЧшР╜шК▒ц╡Бц░┤,х╣╢ф╕Фф╗Оф╗Цф╗мш║лф╕Кх╛ЧхИ░ф║Жф╕Аф╗╢хоЭчЙй.ш┐Щф╕кхоЭчЙйшГ╜хдЯшойф╗ЦчЬЛхИ░ф║║ф╜УхЖЕчЪДчзШхпЖ,
2024-06-24 11:36:39	line:370		хоЮщЩЕш╛УхЕечЪДчЫоцаЗцЦЗцЬм(цпПхПе):-ф╗ЦхЫацндцЭехИ░ф║Жф╕Ахо╢хПдчОйх║Чя╝МхН┤хПСчО░ш┐Щф╗╢хоЭчЙйш┐Юф║МхНБщГ╜ф╕НхА╝уАВх░▒хЬиф╗ЦхЗЖхдЗцНвф╕Ахо╢хПдчОйх║ЧчЪДцЧ╢хАЩя╝Мч┤лшЙ▓чЪДцПРчд║цбЖхЗ║чО░хЬиф╗ЦчЪДчЬ╝хЙНя╝МхСКшпЙф╗ЦщЧощвШхЗ║хЬиф╜ЫхГПхЖЕщГиуАВ
2024-06-24 11:36:39	line:264		['ф╗ЦхЫацндцЭехИ░ф║Жф╕Ахо╢хПдчОйх║Чя╝МхН┤хПСчО░ш┐Щф╗╢хоЭчЙйш┐Юф║МхНБщГ╜ф╕НхА╝уАВх░▒хЬиф╗ЦхЗЖхдЗцНвф╕Ахо╢хПдчОйх║ЧчЪДцЧ╢хАЩя╝Мч┤лшЙ▓чЪДцПРчд║цбЖхЗ║чО░хЬиф╗ЦчЪДчЬ╝хЙНя╝МхСКшпЙф╗ЦщЧощвШхЗ║хЬиф╜ЫхГПхЖЕщГиуАВ']
2024-06-24 11:36:39	line:265		['zh']
2024-06-24 11:36:39	line:372		хЙНчлпхдДчРЖхРОчЪДцЦЗцЬм(цпПхПе):-ф╗ЦхЫацндцЭехИ░ф║Жф╕Ахо╢хПдчОйх║Ч,хН┤хПСчО░ш┐Щф╗╢хоЭчЙйш┐Юф║МхНБщГ╜ф╕НхА╝.х░▒хЬиф╗ЦхЗЖхдЗцНвф╕Ахо╢хПдчОйх║ЧчЪДцЧ╢хАЩ,ч┤лшЙ▓чЪДцПРчд║цбЖхЗ║чО░хЬиф╗ЦчЪДчЬ╝хЙН,хСКшпЙф╗ЦщЧощвШхЗ║хЬиф╜ЫхГПхЖЕщГи.
2024-06-24 11:36:42	line:420		0.000	2.255	1.862	0.461
2024-06-24 11:36:42	line:531		4.600601673126221
2024-06-24 11:36:42	line:97		127.0.0.1 - - [24/Jun/2024 11:36:42] "POST /tts HTTP/1.1" 200 -
2024-06-24 14:34:52	line:169		Number of parameter: 77.49M
2024-06-24 14:34:53	line:153		<All keys matched successfully>
2024-06-24 14:34:53	line:97		[31m[1mWARNING: This is a development server. Do not use it in a production deployment. Use a production WSGI server instead.[0m
 * Running on all addresses (0.0.0.0)
 * Running on http://127.0.0.1:4569
 * Running on http://10.156.25.140:4569
2024-06-24 14:34:53	line:97		[33mPress CTRL+C to quit[0m
2024-06-25 14:06:50	line:169		Number of parameter: 77.49M
2024-06-25 14:06:52	line:153		<All keys matched successfully>
2024-06-25 14:06:52	line:97		[31m[1mWARNING: This is a development server. Do not use it in a production deployment. Use a production WSGI server instead.[0m
 * Running on all addresses (0.0.0.0)
 * Running on http://127.0.0.1:4569
 * Running on http://10.156.25.140:4569
2024-06-25 14:06:52	line:97		[33mPress CTRL+C to quit[0m
2024-06-25 14:09:08	line:310		хоЮщЩЕш╛УхЕечЪДхПВшАГцЦЗцЬм:-ref_wavs/цЙАф╗ечО░хЬихПИщЗНцЦ░хЫЮхИ░ш┐ЩщЗМхТМхдзхо╢шзБщЭвф║ЖхСвуАВ
2024-06-25 14:09:08	line:314		хоЮщЩЕш╛УхЕечЪДчЫоцаЗцЦЗцЬм:-ф╜ахе╜ф╜ахе╜ф╜ахе╜ф╜ахе╜ф╜ахе╜ф╜ахе╜ф╜ахе╜ф╜ахе╜ф╜ахе╜ф╜ахе╜ф╜ахе╜ф╜ахе╜ф╜ахе╜ф╜ахе╜ф╜ахе╜ф╜ахе╜ф╜ахе╜ф╜ахе╜ф╜ахе╜ф╜ахе╜ф╜ахе╜ф╜ахе╜ф╜ахе╜ф╜ахе╜ф╜ахе╜ф╜ахе╜ф╜ахе╜ф╜ахе╜ф╜ахе╜ф╜ахе╜ф╜ахе╜ф╜ахе╜ф╜ахе╜ф╜ахе╜ф╜ахе╜ф╜ахе╜ф╜ахе╜ф╜ахе╜ф╜ахе╜ф╜ахе╜ф╜ахе╜ф╜ахе╜ф╜ахе╜ф╜ахе╜ф╜ахе╜ф╜ахе╜ф╜ахе╜ф╜ахе╜ф╜ахе╜ф╜ахе╜ф╜ахе╜ф╜ахе╜ф╜ахе╜ф╜ахе╜ф╜ахе╜ф╜ахе╜ф╜ахе╜ф╜ахе╜ф╜ахе╜ф╜ахе╜ф╜ахе╜ф╜ахе╜ф╜ахе╜ф╜ахе╜ф╜ахе╜ф╜ахе╜ф╜ахе╜ф╜ахе╜ф╜ахе╜ф╜ахе╜ф╜ахе╜ф╜ахе╜ф╜ахе╜ф╜ахе╜ф╜ахе╜ф╜ахе╜ф╜ахе╜ф╜ахе╜ф╜ахе╜ф╜ахе╜ф╜ахе╜ф╜ахе╜ф╜ахе╜ф╜ахе╜ф╜ахе╜ф╜ахе╜ф╜ахе╜ф╜ахе╜ф╜ахе╜ф╜ахе╜ф╜ахе╜ф╜ахе╜ф╜ахе╜ф╜ахе╜ф╜ахе╜ф╜ахе╜ф╜ахе╜ф╜ахе╜ф╜ахе╜ф╜ахе╜ф╜ахе╜ф╜ахе╜ф╜ахе╜ф╜ахе╜ф╜ахе╜ф╜ахе╜ф╜ахе╜ф╜ахе╜ф╜ахе╜ф╜ахе╜ф╜ахе╜ф╜ахе╜ф╜ахе╜ф╜ахе╜ф╜ахе╜ф╜ахе╜ф╜ахе╜ф╜ахе╜ф╜ахе╜ф╜ахе╜ф╜ахе╜ф╜ахе╜ф╜ахе╜ф╜ахе╜ф╜ахе╜ф╜ахе╜ф╜ахе╜ф╜ахе╜ф╜ахе╜ф╜ахе╜ф╜ахе╜ф╜ахе╜ф╜ахе╜ф╜ахе╜ф╜ахе╜ф╜ахе╜ф╜ахе╜ф╜ахе╜ф╜ахе╜ф╜ахе╜ф╜ахе╜ф╜ахе╜ф╜ахе╜ф╜ахе╜ф╜ахе╜ф╜ахе╜ф╜ахе╜ф╜ахе╜ф╜ахе╜ф╜ахе╜ф╜ахе╜ф╜ахе╜ф╜ахе╜ф╜ахе╜ф╜ахе╜ф╜ахе╜ф╜ахе╜ф╜ахе╜ф╜ахе╜ф╜ахе╜ф╜ахе╜ф╜ахе╜ф╜ахе╜ф╜ахе╜ф╜ахе╜ф╜ахе╜ф╜ахе╜ф╜ахе╜ф╜ахе╜ф╜ахе╜ф╜ахе╜ф╜ахе╜ф╜ахе╜ф╜ахе╜ф╜ахе╜ф╜ахе╜ф╜ахе╜ф╜ахе╜ф╜ахе╜ф╜ахе╜ф╜ахе╜ф╜ахе╜ф╜ахе╜ф╜ахе╜ф╜ахе╜ф╜ахе╜ф╜ахе╜ф╜ахе╜ф╜ахе╜ф╜ахе╜ф╜ахе╜ф╜ахе╜ф╜ахе╜ф╜ахе╜ф╜ахе╜ф╜ахе╜ф╜ахе╜ф╜ахе╜ф╜ахе╜ф╜ахе╜ф╜ахе╜ф╜ахе╜ф╜ахе╜ф╜ахе╜ф╜ахе╜ф╜ахе╜ф╜ахе╜ф╜ахе╜ф╜ахе╜ф╜ахе╜ф╜ахе╜ф╜ахе╜ф╜ахе╜ф╜ахе╜ф╜ахе╜ф╜ахе╜ф╜ахе╜ф╜ахе╜ф╜ахе╜ф╜ахе╜ф╜ахе╜ф╜ахе╜ф╜ахе╜ф╜ахе╜ф╜ахе╜ф╜ахе╜ф╜ахе╜ф╜ахе╜ф╜ахе╜ф╜ахе╜ф╜ахе╜ф╜ахе╜ф╜ахе╜ф╜ахе╜ф╜ахе╜ф╜ахе╜ф╜ахе╜ф╜ахе╜ф╜ахе╜ф╜ахе╜ф╜ахе╜ф╜ахе╜ф╜ахе╜ф╜ахе╜ф╜ахе╜ф╜ахе╜ф╜ахе╜ф╜ахе╜ф╜ахе╜ф╜ахе╜ф╜ахе╜ф╜ахе╜ф╜ахе╜ф╜ахе╜ф╜ахе╜ф╜ахе╜ф╜ахе╜ф╜ахе╜ф╜ахе╜ф╜ахе╜ф╜ахе╜ф╜ахе╜ф╜ахе╜ф╜ахе╜ф╜ахе╜ф╜ахе╜ф╜ахе╜ф╜ахе╜ф╜ахе╜ф╜ахе╜ф╜ахе╜ф╜ахе╜ф╜ахе╜ф╜ахе╜ф╜ахе╜ф╜ахе╜ф╜ахе╜ф╜ахе╜ф╜ахе╜ф╜ахе╜ф╜ахе╜ф╜ахе╜ф╜ахе╜ф╜ахе╜ф╜ахе╜ф╜ахе╜ф╜ахе╜ф╜ахе╜ф╜ахе╜ф╜ахе╜ф╜ахе╜ф╜ахе╜ф╜ахе╜ф╜ахе╜ф╜ахе╜ф╜ахе╜ф╜ахе╜ф╜ахе╜ф╜ахе╜ф╜ахе╜ф╜ахе╜ф╜ахе╜ф╜ахе╜ф╜ахе╜ф╜ахе╜ф╜ахе╜ф╜ахе╜ф╜ахе╜ф╜ахе╜ф╜ахе╜ф╜ахе╜ф╜ахе╜ф╜ахе╜ф╜ахе╜ф╜ахе╜ф╜ахе╜ф╜ахе╜ф╜ахе╜ф╜ахе╜ф╜ахе╜ф╜ахе╜ф╜ахе╜ф╜ахе╜ф╜ахе╜ф╜ахе╜ф╜ахе╜ф╜ахе╜ф╜ахе╜ф╜ахе╜ф╜ахе╜ф╜ахе╜ф╜ахе╜ф╜ахе╜ф╜ахе╜ф╜ахе╜ф╜ахе╜ф╜ахе╜ф╜ахе╜ф╜ахе╜ф╜ахе╜ф╜ахе╜ф╜ахе╜ф╜ахе╜ф╜ахе╜ф╜ахе╜ф╜ахе╜ф╜ахе╜ф╜ахе╜ф╜ахе╜ф╜ахе╜ф╜ахе╜ф╜ахе╜ф╜ахе╜ф╜ахе╜ф╜ахе╜ф╜ахе╜ф╜ахе╜ф╜ахе╜ф╜ахе╜ф╜ахе╜ф╜ахе╜ф╜ахе╜ф╜ахе╜ф╜ахе╜ф╜ахе╜ф╜ахе╜ф╜ахе╜ф╜ахе╜ф╜ахе╜ф╜ахе╜ф╜ахе╜ф╜ахе╜ф╜ахе╜ф╜ахе╜ф╜ахе╜ф╜ахе╜ф╜ахе╜ф╜ахе╜ф╜ахе╜ф╜ахе╜ф╜ахе╜ф╜ахе╜ф╜ахе╜ф╜ахе╜ф╜ахе╜ф╜ахе╜ф╜ахе╜ф╜ахе╜ф╜ахе╜ф╜ахе╜ф╜ахе╜ф╜ахе╜ф╜ахе╜ф╜ахе╜ф╜ахе╜ф╜ахе╜ф╜ахе╜ф╜ахе╜ф╜ахе╜ф╜ахе╜ф╜ахе╜ф╜ахе╜ф╜ахе╜ф╜ахе╜ф╜ахе╜ф╜ахе╜ф╜ахе╜ф╜ахе╜ф╜ахе╜ф╜ахе╜ф╜ахе╜ф╜ахе╜ф╜ахе╜ф╜ахе╜ф╜ахе╜ф╜ахе╜ф╜ахе╜ф╜ахе╜ф╜ахе╜ф╜ахе╜ф╜ахе╜ф╜ахе╜ф╜ахе╜ф╜ахе╜ф╜ахе╜ф╜ахе╜ф╜ахе╜ф╜ахе╜ф╜ахе╜ф╜ахе╜ф╜ахе╜ф╜ахе╜ф╜ахе╜ф╜ахе╜ф╜ахе╜ф╜ахе╜ф╜ахе╜ф╜ахе╜ф╜ахе╜ф╜ахе╜ф╜ахе╜ф╜ахе╜ф╜ахе╜ф╜ахе╜ф╜ахе╜ф╜ахе╜ф╜ахе╜ф╜ахе╜ф╜ахе╜ф╜ахе╜ф╜ахе╜ф╜ахе╜ф╜ахе╜ф╜ахе╜ф╜ахе╜ф╜ахе╜ф╜ахе╜ф╜ахе╜ф╜ахе╜ф╜ахе╜ф╜ахе╜ф╜ахе╜ф╜ахе╜ф╜ахе╜ф╜ахе╜ф╜ахе╜ф╜ахе╜ф╜ахе╜ф╜ахе╜ф╜ахе╜ф╜ахе╜ф╜ахе╜ф╜ахе╜ф╜ахе╜ф╜ахе╜ф╜ахе╜ф╜ахе╜ф╜ахе╜ф╜ахе╜ф╜ахе╜ф╜ахе╜ф╜ахе╜ф╜ахе╜ф╜ахе╜ф╜ахе╜ф╜ахе╜ф╜ахе╜ф╜ахе╜ф╜ахе╜ф╜ахе╜ф╜ахе╜ф╜ахе╜ф╜ахе╜ф╜ахе╜ф╜ахе╜ф╜ахе╜ф╜ахе╜ф╜ахе╜ф╜ахе╜ф╜ахе╜ф╜ахе╜ф╜ахе╜ф╜ахе╜ф╜ахе╜ф╜ахе╜ф╜ахе╜ф╜ахе╜ф╜ахе╜ф╜ахе╜ф╜ахе╜ф╜ахе╜ф╜ахе╜
2024-06-25 14:09:11	line:358		хоЮщЩЕш╛УхЕечЪДчЫоцаЗцЦЗцЬм(хИЗхПехРО):-ф╜ахе╜ф╜ахе╜ф╜ахе╜ф╜ахе╜ф╜ахе╜ф╜ахе╜ф╜ахе╜ф╜ахе╜ф╜ахе╜ф╜ахе╜ф╜ахе╜ф╜ахе╜ф╜ахе╜ф╜ахе╜ф╜ахе╜ф╜ахе╜ф╜ахе╜ф╜ахе╜ф╜ахе╜ф╜ахе╜ф╜ахе╜ф╜ахе╜ф╜ахе╜ф╜ахе╜ф╜ахе╜ф╜ахе╜ф╜ахе╜ф╜ахе╜ф╜ахе╜ф╜ахе╜ф╜ахе╜ф╜ахе╜ф╜ахе╜ф╜ахе╜ф╜ахе╜ф╜ахе╜ф╜ахе╜ф╜ахе╜ф╜ахе╜ф╜ахе╜ф╜ахе╜ф╜ахе╜ф╜ахе╜ф╜ахе╜ф╜ахе╜ф╜ахе╜ф╜ахе╜ф╜ахе╜ф╜ахе╜ф╜ахе╜ф╜ахе╜ф╜ахе╜ф╜ахе╜ф╜ахе╜ф╜ахе╜ф╜ахе╜ф╜ахе╜ф╜ахе╜ф╜ахе╜ф╜ахе╜ф╜ахе╜ф╜ахе╜ф╜ахе╜ф╜ахе╜ф╜ахе╜ф╜ахе╜ф╜ахе╜ф╜ахе╜ф╜ахе╜ф╜ахе╜ф╜ахе╜ф╜ахе╜ф╜ахе╜ф╜ахе╜ф╜ахе╜ф╜ахе╜ф╜ахе╜ф╜ахе╜ф╜ахе╜ф╜ахе╜ф╜ахе╜ф╜ахе╜ф╜ахе╜ф╜ахе╜ф╜ахе╜ф╜ахе╜ф╜ахе╜ф╜ахе╜ф╜ахе╜ф╜ахе╜ф╜ахе╜ф╜ахе╜ф╜ахе╜ф╜ахе╜ф╜ахе╜ф╜ахе╜ф╜ахе╜ф╜ахе╜ф╜ахе╜ф╜ахе╜ф╜ахе╜ф╜ахе╜ф╜ахе╜ф╜ахе╜ф╜ахе╜ф╜ахе╜ф╜ахе╜ф╜ахе╜ф╜ахе╜ф╜ахе╜ф╜ахе╜ф╜ахе╜ф╜ахе╜ф╜ахе╜ф╜ахе╜ф╜ахе╜ф╜ахе╜ф╜ахе╜ф╜ахе╜ф╜ахе╜ф╜ахе╜ф╜ахе╜ф╜ахе╜ф╜ахе╜ф╜ахе╜ф╜ахе╜ф╜ахе╜ф╜ахе╜ф╜ахе╜ф╜ахе╜ф╜ахе╜ф╜ахе╜ф╜ахе╜ф╜ахе╜ф╜ахе╜ф╜ахе╜ф╜ахе╜ф╜ахе╜ф╜ахе╜ф╜ахе╜ф╜ахе╜ф╜ахе╜ф╜ахе╜ф╜ахе╜ф╜ахе╜ф╜ахе╜ф╜ахе╜ф╜ахе╜ф╜ахе╜ф╜ахе╜ф╜ахе╜ф╜ахе╜ф╜ахе╜ф╜ахе╜ф╜ахе╜ф╜ахе╜ф╜ахе╜ф╜ахе╜ф╜ахе╜ф╜ахе╜ф╜ахе╜ф╜ахе╜ф╜ахе╜ф╜ахе╜ф╜ахе╜ф╜ахе╜ф╜ахе╜ф╜ахе╜ф╜ахе╜ф╜ахе╜ф╜ахе╜ф╜ахе╜ф╜ахе╜ф╜ахе╜ф╜ахе╜ф╜ахе╜ф╜ахе╜ф╜ахе╜ф╜ахе╜ф╜ахе╜ф╜ахе╜ф╜ахе╜ф╜ахе╜ф╜ахе╜ф╜ахе╜ф╜ахе╜ф╜ахе╜ф╜ахе╜ф╜ахе╜ф╜ахе╜ф╜ахе╜ф╜ахе╜ф╜ахе╜ф╜ахе╜ф╜ахе╜ф╜ахе╜ф╜ахе╜ф╜ахе╜ф╜ахе╜ф╜ахе╜ф╜ахе╜ф╜ахе╜ф╜ахе╜ф╜ахе╜ф╜ахе╜ф╜ахе╜ф╜ахе╜ф╜ахе╜ф╜ахе╜ф╜ахе╜ф╜ахе╜ф╜ахе╜ф╜ахе╜ф╜ахе╜ф╜ахе╜ф╜ахе╜ф╜ахе╜ф╜ахе╜ф╜ахе╜ф╜ахе╜ф╜ахе╜ф╜ахе╜ф╜ахе╜ф╜ахе╜ф╜ахе╜ф╜ахе╜ф╜ахе╜ф╜ахе╜ф╜ахе╜ф╜ахе╜ф╜ахе╜ф╜ахе╜ф╜ахе╜ф╜ахе╜ф╜ахе╜ф╜ахе╜ф╜ахе╜ф╜ахе╜ф╜ахе╜ф╜ахе╜ф╜ахе╜ф╜ахе╜ф╜ахе╜ф╜ахе╜ф╜ахе╜ф╜ахе╜ф╜ахе╜ф╜ахе╜ф╜ахе╜ф╜ахе╜ф╜ахе╜ф╜ахе╜ф╜ахе╜ф╜ахе╜ф╜ахе╜ф╜ахе╜ф╜ахе╜ф╜ахе╜ф╜ахе╜ф╜ахе╜ф╜ахе╜ф╜ахе╜ф╜ахе╜ф╜ахе╜ф╜ахе╜ф╜ахе╜ф╜ахе╜ф╜ахе╜ф╜ахе╜ф╜ахе╜ф╜ахе╜ф╜ахе╜ф╜ахе╜ф╜ахе╜ф╜ахе╜ф╜ахе╜ф╜ахе╜ф╜ахе╜ф╜ахе╜ф╜ахе╜ф╜ахе╜ф╜ахе╜ф╜ахе╜ф╜ахе╜ф╜ахе╜ф╜ахе╜ф╜ахе╜ф╜ахе╜ф╜ахе╜ф╜ахе╜ф╜ахе╜ф╜ахе╜ф╜ахе╜ф╜ахе╜ф╜ахе╜ф╜ахе╜ф╜ахе╜ф╜ахе╜ф╜ахе╜ф╜ахе╜ф╜ахе╜ф╜ахе╜ф╜ахе╜ф╜ахе╜ф╜ахе╜ф╜ахе╜ф╜ахе╜ф╜ахе╜ф╜ахе╜ф╜ахе╜ф╜ахе╜ф╜ахе╜ф╜ахе╜ф╜ахе╜ф╜ахе╜ф╜ахе╜ф╜ахе╜ф╜ахе╜ф╜ахе╜ф╜ахе╜ф╜ахе╜ф╜ахе╜ф╜ахе╜ф╜ахе╜ф╜ахе╜ф╜ахе╜ф╜ахе╜ф╜ахе╜ф╜ахе╜ф╜ахе╜ф╜ахе╜ф╜ахе╜ф╜ахе╜ф╜ахе╜ф╜ахе╜ф╜ахе╜ф╜ахе╜ф╜ахе╜ф╜ахе╜ф╜ахе╜ф╜ахе╜ф╜ахе╜ф╜ахе╜ф╜ахе╜ф╜ахе╜ф╜ахе╜ф╜ахе╜ф╜ахе╜ф╜ахе╜ф╜ахе╜ф╜ахе╜ф╜ахе╜ф╜ахе╜ф╜ахе╜ф╜ахе╜ф╜ахе╜ф╜ахе╜ф╜ахе╜ф╜ахе╜ф╜ахе╜ф╜ахе╜ф╜ахе╜ф╜ахе╜ф╜ахе╜ф╜ахе╜ф╜ахе╜ф╜ахе╜ф╜ахе╜ф╜ахе╜ф╜ахе╜ф╜ахе╜ф╜ахе╜ф╜ахе╜ф╜ахе╜ф╜ахе╜ф╜ахе╜ф╜ахе╜ф╜ахе╜ф╜ахе╜ф╜ахе╜ф╜ахе╜ф╜ахе╜ф╜ахе╜ф╜ахе╜ф╜ахе╜ф╜ахе╜ф╜ахе╜ф╜ахе╜ф╜ахе╜ф╜ахе╜ф╜ахе╜ф╜ахе╜ф╜ахе╜ф╜ахе╜ф╜ахе╜ф╜ахе╜ф╜ахе╜ф╜ахе╜ф╜ахе╜ф╜ахе╜ф╜ахе╜ф╜ахе╜ф╜ахе╜ф╜ахе╜ф╜ахе╜ф╜ахе╜ф╜ахе╜ф╜ахе╜ф╜ахе╜ф╜ахе╜ф╜ахе╜ф╜ахе╜ф╜ахе╜ф╜ахе╜ф╜ахе╜ф╜ахе╜ф╜ахе╜ф╜ахе╜ф╜ахе╜ф╜ахе╜ф╜ахе╜ф╜ахе╜ф╜ахе╜ф╜ахе╜ф╜ахе╜ф╜ахе╜ф╜ахе╜ф╜ахе╜ф╜ахе╜ф╜ахе╜ф╜ахе╜ф╜ахе╜ф╜ахе╜ф╜ахе╜ф╜ахе╜ф╜ахе╜ф╜ахе╜ф╜ахе╜ф╜ахе╜ф╜ахе╜ф╜ахе╜ф╜ахе╜ф╜ахе╜ф╜ахе╜ф╜ахе╜ф╜ахе╜ф╜ахе╜ф╜ахе╜ф╜ахе╜ф╜ахе╜ф╜ахе╜ф╜ахе╜ф╜ахе╜ф╜ахе╜ф╜ахе╜ф╜ахе╜ф╜ахе╜ф╜ахе╜ф╜ахе╜ф╜ахе╜ф╜ахе╜ф╜ахе╜ф╜ахе╜ф╜ахе╜ф╜ахе╜ф╜ахе╜ф╜ахе╜ф╜ахе╜ф╜ахе╜ф╜ахе╜ф╜ахе╜ф╜ахе╜ф╜ахе╜ф╜ахе╜ф╜ахе╜ф╜ахе╜ф╜ахе╜ф╜ахе╜ф╜ахе╜ф╜ахе╜ф╜ахе╜ф╜ахе╜ф╜ахе╜ф╜ахе╜ф╜ахе╜ф╜ахе╜ф╜ахе╜ф╜ахе╜ф╜ахе╜ф╜ахе╜ф╜ахе╜ф╜ахе╜ф╜ахе╜ф╜ахе╜ф╜ахе╜ф╜ахе╜ф╜ахе╜ф╜ахе╜ф╜ахе╜ф╜ахе╜ф╜ахе╜ф╜ахе╜ф╜ахе╜ф╜ахе╜ф╜ахе╜ф╜ахе╜ф╜ахе╜ф╜ахе╜ф╜ахе╜ф╜ахе╜ф╜ахе╜ф╜ахе╜
2024-06-25 14:09:12	line:370		хоЮщЩЕш╛УхЕечЪДчЫоцаЗцЦЗцЬм(цпПхПе):-ф╜ахе╜ф╜ахе╜ф╜ахе╜ф╜ахе╜ф╜ахе╜ф╜ахе╜ф╜ахе╜ф╜ахе╜ф╜ахе╜ф╜ахе╜ф╜ахе╜ф╜ахе╜ф╜ахе╜ф╜ахе╜ф╜ахе╜ф╜ахе╜ф╜ахе╜ф╜ахе╜ф╜ахе╜ф╜ахе╜ф╜ахе╜ф╜ахе╜ф╜ахе╜ф╜ахе╜ф╜ахе╜ф╜ахе╜ф╜ахе╜ф╜ахе╜ф╜ахе╜ф╜ахе╜ф╜ахе╜ф╜ахе╜ф╜ахе╜ф╜ахе╜ф╜ахе╜ф╜ахе╜ф╜ахе╜ф╜ахе╜ф╜ахе╜ф╜ахе╜ф╜ахе╜ф╜ахе╜ф╜ахе╜ф╜ахе╜ф╜ахе╜ф╜ахе╜ф╜ахе╜ф╜ахе╜ф╜ахе╜ф╜ахе╜ф╜ахе╜ф╜ахе╜ф╜ахе╜ф╜ахе╜ф╜ахе╜ф╜ахе╜ф╜ахе╜ф╜ахе╜ф╜ахе╜ф╜ахе╜ф╜ахе╜ф╜ахе╜ф╜ахе╜ф╜ахе╜ф╜ахе╜ф╜ахе╜ф╜ахе╜ф╜ахе╜ф╜ахе╜ф╜ахе╜ф╜ахе╜ф╜ахе╜ф╜ахе╜ф╜ахе╜ф╜ахе╜ф╜ахе╜ф╜ахе╜ф╜ахе╜ф╜ахе╜ф╜ахе╜ф╜ахе╜ф╜ахе╜ф╜ахе╜ф╜ахе╜ф╜ахе╜ф╜ахе╜ф╜ахе╜ф╜ахе╜ф╜ахе╜ф╜ахе╜ф╜ахе╜ф╜ахе╜ф╜ахе╜ф╜ахе╜ф╜ахе╜ф╜ахе╜ф╜ахе╜ф╜ахе╜ф╜ахе╜ф╜ахе╜ф╜ахе╜ф╜ахе╜ф╜ахе╜ф╜ахе╜ф╜ахе╜ф╜ахе╜ф╜ахе╜ф╜ахе╜ф╜ахе╜ф╜ахе╜ф╜ахе╜ф╜ахе╜ф╜ахе╜ф╜ахе╜ф╜ахе╜ф╜ахе╜ф╜ахе╜ф╜ахе╜ф╜ахе╜ф╜ахе╜ф╜ахе╜ф╜ахе╜ф╜ахе╜ф╜ахе╜ф╜ахе╜ф╜ахе╜ф╜ахе╜ф╜ахе╜ф╜ахе╜ф╜ахе╜ф╜ахе╜ф╜ахе╜ф╜ахе╜ф╜ахе╜ф╜ахе╜ф╜ахе╜ф╜ахе╜ф╜ахе╜ф╜ахе╜ф╜ахе╜ф╜ахе╜ф╜ахе╜ф╜ахе╜ф╜ахе╜ф╜ахе╜ф╜ахе╜ф╜ахе╜ф╜ахе╜ф╜ахе╜ф╜ахе╜ф╜ахе╜ф╜ахе╜ф╜ахе╜ф╜ахе╜ф╜ахе╜ф╜ахе╜ф╜ахе╜ф╜ахе╜ф╜ахе╜ф╜ахе╜ф╜ахе╜ф╜ахе╜ф╜ахе╜ф╜ахе╜ф╜ахе╜ф╜ахе╜ф╜ахе╜ф╜ахе╜ф╜ахе╜ф╜ахе╜ф╜ахе╜ф╜ахе╜ф╜ахе╜ф╜ахе╜ф╜ахе╜ф╜ахе╜ф╜ахе╜ф╜ахе╜ф╜ахе╜ф╜ахе╜ф╜ахе╜ф╜ахе╜ф╜ахе╜ф╜ахе╜ф╜ахе╜ф╜ахе╜ф╜ахе╜ф╜ахе╜ф╜ахе╜ф╜ахе╜ф╜ахе╜ф╜ахе╜ф╜ахе╜ф╜ахе╜ф╜ахе╜ф╜ахе╜ф╜ахе╜ф╜ахе╜ф╜ахе╜ф╜ахе╜ф╜ахе╜ф╜ахе╜ф╜ахе╜ф╜ахе╜ф╜ахе╜ф╜ахе╜ф╜ахе╜ф╜ахе╜ф╜ахе╜ф╜ахе╜ф╜ахе╜ф╜ахе╜ф╜ахе╜ф╜ахе╜ф╜ахе╜ф╜ахе╜ф╜ахе╜ф╜ахе╜ф╜ахе╜ф╜ахе╜ф╜ахе╜ф╜ахе╜ф╜ахе╜ф╜ахе╜ф╜ахе╜ф╜ахе╜ф╜ахе╜ф╜ахе╜ф╜ахе╜ф╜ахе╜ф╜ахе╜ф╜ахе╜ф╜ахе╜ф╜ахе╜ф╜ахе╜ф╜ахе╜ф╜ахе╜ф╜ахе╜ф╜ахе╜ф╜ахе╜ф╜ахе╜ф╜ахе╜ф╜ахе╜ф╜ахе╜ф╜ахе╜ф╜ахе╜ф╜ахе╜ф╜ахе╜ф╜ахе╜ф╜ахе╜ф╜ахе╜ф╜ахе╜ф╜ахе╜ф╜ахе╜ф╜ахе╜ф╜ахе╜ф╜ахе╜ф╜ахе╜ф╜ахе╜ф╜ахе╜ф╜ахе╜ф╜ахе╜ф╜ахе╜ф╜ахе╜ф╜ахе╜ф╜ахе╜ф╜ахе╜ф╜ахе╜ф╜ахе╜ф╜ахе╜ф╜ахе╜ф╜ахе╜ф╜ахе╜ф╜ахе╜ф╜ахе╜ф╜ахе╜ф╜ахе╜ф╜ахе╜ф╜ахе╜ф╜ахе╜ф╜ахе╜ф╜ахе╜ф╜ахе╜ф╜ахе╜ф╜ахе╜ф╜ахе╜ф╜ахе╜ф╜ахе╜ф╜ахе╜ф╜ахе╜ф╜ахе╜ф╜ахе╜ф╜ахе╜ф╜ахе╜ф╜ахе╜ф╜ахе╜ф╜ахе╜ф╜ахе╜ф╜ахе╜ф╜ахе╜ф╜ахе╜ф╜ахе╜ф╜ахе╜ф╜ахе╜ф╜ахе╜ф╜ахе╜ф╜ахе╜ф╜ахе╜ф╜ахе╜ф╜ахе╜ф╜ахе╜ф╜ахе╜ф╜ахе╜ф╜ахе╜ф╜ахе╜ф╜ахе╜ф╜ахе╜ф╜ахе╜ф╜ахе╜ф╜ахе╜ф╜ахе╜ф╜ахе╜ф╜ахе╜ф╜ахе╜ф╜ахе╜ф╜ахе╜ф╜ахе╜ф╜ахе╜ф╜ахе╜ф╜ахе╜ф╜ахе╜ф╜ахе╜ф╜ахе╜ф╜ахе╜ф╜ахе╜ф╜ахе╜ф╜ахе╜ф╜ахе╜ф╜ахе╜ф╜ахе╜ф╜ахе╜ф╜ахе╜ф╜ахе╜ф╜ахе╜ф╜ахе╜ф╜ахе╜ф╜ахе╜ф╜ахе╜ф╜ахе╜ф╜ахе╜ф╜ахе╜ф╜ахе╜ф╜ахе╜ф╜ахе╜ф╜ахе╜ф╜ахе╜ф╜ахе╜ф╜ахе╜ф╜ахе╜ф╜ахе╜ф╜ахе╜ф╜ахе╜ф╜ахе╜ф╜ахе╜ф╜ахе╜ф╜ахе╜ф╜ахе╜ф╜ахе╜ф╜ахе╜ф╜ахе╜ф╜ахе╜ф╜ахе╜ф╜ахе╜ф╜ахе╜ф╜ахе╜ф╜ахе╜ф╜ахе╜ф╜ахе╜ф╜ахе╜ф╜ахе╜ф╜ахе╜ф╜ахе╜ф╜ахе╜ф╜ахе╜ф╜ахе╜ф╜ахе╜ф╜ахе╜ф╜ахе╜ф╜ахе╜ф╜ахе╜ф╜ахе╜ф╜ахе╜ф╜ахе╜ф╜ахе╜ф╜ахе╜ф╜ахе╜ф╜ахе╜ф╜ахе╜ф╜ахе╜ф╜ахе╜ф╜ахе╜ф╜ахе╜ф╜ахе╜ф╜ахе╜ф╜ахе╜ф╜ахе╜ф╜ахе╜ф╜ахе╜ф╜ахе╜ф╜ахе╜ф╜ахе╜ф╜ахе╜ф╜ахе╜ф╜ахе╜ф╜ахе╜ф╜ахе╜ф╜ахе╜ф╜ахе╜ф╜ахе╜ф╜ахе╜ф╜ахе╜ф╜ахе╜ф╜ахе╜ф╜ахе╜ф╜ахе╜ф╜ахе╜ф╜ахе╜ф╜ахе╜ф╜ахе╜ф╜ахе╜ф╜ахе╜ф╜ахе╜ф╜ахе╜ф╜ахе╜ф╜ахе╜ф╜ахе╜ф╜ахе╜ф╜ахе╜ф╜ахе╜ф╜ахе╜ф╜ахе╜ф╜ахе╜ф╜ахе╜ф╜ахе╜ф╜ахе╜ф╜ахе╜ф╜ахе╜ф╜ахе╜ф╜ахе╜ф╜ахе╜ф╜ахе╜ф╜ахе╜ф╜ахе╜ф╜ахе╜ф╜ахе╜ф╜ахе╜ф╜ахе╜ф╜ахе╜ф╜ахе╜ф╜ахе╜ф╜ахе╜ф╜ахе╜ф╜ахе╜ф╜ахе╜ф╜ахе╜ф╜ахе╜ф╜ахе╜ф╜ахе╜ф╜ахе╜ф╜ахе╜ф╜ахе╜ф╜ахе╜ф╜ахе╜ф╜ахе╜ф╜ахе╜ф╜ахе╜ф╜ахе╜ф╜ахе╜ф╜ахе╜ф╜ахе╜ф╜ахе╜ф╜ахе╜ф╜ахе╜ф╜ахе╜ф╜ахе╜ф╜ахе╜ф╜ахе╜ф╜ахе╜ф╜ахе╜ф╜ахе╜ф╜ахе╜ф╜ахе╜ф╜ахе╜ф╜ахе╜ф╜ахе╜ф╜ахе╜ф╜ахе╜ф╜ахе╜ф╜ахе╜ф╜ахе╜ф╜ахе╜ф╜ахе╜ф╜ахе╜ф╜ахе╜ф╜ахе╜ф╜ахе╜ф╜ахе╜ф╜ахе╜ф╜ахе╜ф╜ахе╜ф╜ахе╜ф╜ахе╜уАВ
2024-06-25 14:09:12	line:264		['ф╜ахе╜ф╜ахе╜ф╜ахе╜ф╜ахе╜ф╜ахе╜ф╜ахе╜ф╜ахе╜ф╜ахе╜ф╜ахе╜ф╜ахе╜ф╜ахе╜ф╜ахе╜ф╜ахе╜ф╜ахе╜ф╜ахе╜ф╜ахе╜ф╜ахе╜ф╜ахе╜ф╜ахе╜ф╜ахе╜ф╜ахе╜ф╜ахе╜ф╜ахе╜ф╜ахе╜ф╜ахе╜ф╜ахе╜ф╜ахе╜ф╜ахе╜ф╜ахе╜ф╜ахе╜ф╜ахе╜ф╜ахе╜ф╜ахе╜ф╜ахе╜ф╜ахе╜ф╜ахе╜ф╜ахе╜ф╜ахе╜ф╜ахе╜ф╜ахе╜ф╜ахе╜ф╜ахе╜ф╜ахе╜ф╜ахе╜ф╜ахе╜ф╜ахе╜ф╜ахе╜ф╜ахе╜ф╜ахе╜ф╜ахе╜ф╜ахе╜ф╜ахе╜ф╜ахе╜ф╜ахе╜ф╜ахе╜ф╜ахе╜ф╜ахе╜ф╜ахе╜ф╜ахе╜ф╜ахе╜ф╜ахе╜ф╜ахе╜ф╜ахе╜ф╜ахе╜ф╜ахе╜ф╜ахе╜ф╜ахе╜ф╜ахе╜ф╜ахе╜ф╜ахе╜ф╜ахе╜ф╜ахе╜ф╜ахе╜ф╜ахе╜ф╜ахе╜ф╜ахе╜ф╜ахе╜ф╜ахе╜ф╜ахе╜ф╜ахе╜ф╜ахе╜ф╜ахе╜ф╜ахе╜ф╜ахе╜ф╜ахе╜ф╜ахе╜ф╜ахе╜ф╜ахе╜ф╜ахе╜ф╜ахе╜ф╜ахе╜ф╜ахе╜ф╜ахе╜ф╜ахе╜ф╜ахе╜ф╜ахе╜ф╜ахе╜ф╜ахе╜ф╜ахе╜ф╜ахе╜ф╜ахе╜ф╜ахе╜ф╜ахе╜ф╜ахе╜ф╜ахе╜ф╜ахе╜ф╜ахе╜ф╜ахе╜ф╜ахе╜ф╜ахе╜ф╜ахе╜ф╜ахе╜ф╜ахе╜ф╜ахе╜ф╜ахе╜ф╜ахе╜ф╜ахе╜ф╜ахе╜ф╜ахе╜ф╜ахе╜ф╜ахе╜ф╜ахе╜ф╜ахе╜ф╜ахе╜ф╜ахе╜ф╜ахе╜ф╜ахе╜ф╜ахе╜ф╜ахе╜ф╜ахе╜ф╜ахе╜ф╜ахе╜ф╜ахе╜ф╜ахе╜ф╜ахе╜ф╜ахе╜ф╜ахе╜ф╜ахе╜ф╜ахе╜ф╜ахе╜ф╜ахе╜ф╜ахе╜ф╜ахе╜ф╜ахе╜ф╜ахе╜ф╜ахе╜ф╜ахе╜ф╜ахе╜ф╜ахе╜ф╜ахе╜ф╜ахе╜ф╜ахе╜ф╜ахе╜ф╜ахе╜ф╜ахе╜ф╜ахе╜ф╜ахе╜ф╜ахе╜ф╜ахе╜ф╜ахе╜ф╜ахе╜ф╜ахе╜ф╜ахе╜ф╜ахе╜ф╜ахе╜ф╜ахе╜ф╜ахе╜ф╜ахе╜ф╜ахе╜ф╜ахе╜ф╜ахе╜ф╜ахе╜ф╜ахе╜ф╜ахе╜ф╜ахе╜ф╜ахе╜ф╜ахе╜ф╜ахе╜ф╜ахе╜ф╜ахе╜ф╜ахе╜ф╜ахе╜ф╜ахе╜ф╜ахе╜ф╜ахе╜ф╜ахе╜ф╜ахе╜ф╜ахе╜ф╜ахе╜ф╜ахе╜ф╜ахе╜ф╜ахе╜ф╜ахе╜ф╜ахе╜ф╜ахе╜ф╜ахе╜ф╜ахе╜ф╜ахе╜ф╜ахе╜ф╜ахе╜ф╜ахе╜ф╜ахе╜ф╜ахе╜ф╜ахе╜ф╜ахе╜ф╜ахе╜ф╜ахе╜ф╜ахе╜ф╜ахе╜ф╜ахе╜ф╜ахе╜ф╜ахе╜ф╜ахе╜ф╜ахе╜ф╜ахе╜ф╜ахе╜ф╜ахе╜ф╜ахе╜ф╜ахе╜ф╜ахе╜ф╜ахе╜ф╜ахе╜ф╜ахе╜ф╜ахе╜ф╜ахе╜ф╜ахе╜ф╜ахе╜ф╜ахе╜ф╜ахе╜ф╜ахе╜ф╜ахе╜ф╜ахе╜ф╜ахе╜ф╜ахе╜ф╜ахе╜ф╜ахе╜ф╜ахе╜ф╜ахе╜ф╜ахе╜ф╜ахе╜ф╜ахе╜ф╜ахе╜ф╜ахе╜ф╜ахе╜ф╜ахе╜ф╜ахе╜ф╜ахе╜ф╜ахе╜ф╜ахе╜ф╜ахе╜ф╜ахе╜ф╜ахе╜ф╜ахе╜ф╜ахе╜ф╜ахе╜ф╜ахе╜ф╜ахе╜ф╜ахе╜ф╜ахе╜ф╜ахе╜ф╜ахе╜ф╜ахе╜ф╜ахе╜ф╜ахе╜ф╜ахе╜ф╜ахе╜ф╜ахе╜ф╜ахе╜ф╜ахе╜ф╜ахе╜ф╜ахе╜ф╜ахе╜ф╜ахе╜ф╜ахе╜ф╜ахе╜ф╜ахе╜ф╜ахе╜ф╜ахе╜ф╜ахе╜ф╜ахе╜ф╜ахе╜ф╜ахе╜ф╜ахе╜ф╜ахе╜ф╜ахе╜ф╜ахе╜ф╜ахе╜ф╜ахе╜ф╜ахе╜ф╜ахе╜ф╜ахе╜ф╜ахе╜ф╜ахе╜ф╜ахе╜ф╜ахе╜ф╜ахе╜ф╜ахе╜ф╜ахе╜ф╜ахе╜ф╜ахе╜ф╜ахе╜ф╜ахе╜ф╜ахе╜ф╜ахе╜ф╜ахе╜ф╜ахе╜ф╜ахе╜ф╜ахе╜ф╜ахе╜ф╜ахе╜ф╜ахе╜ф╜ахе╜ф╜ахе╜ф╜ахе╜ф╜ахе╜ф╜ахе╜ф╜ахе╜ф╜ахе╜ф╜ахе╜ф╜ахе╜ф╜ахе╜ф╜ахе╜ф╜ахе╜ф╜ахе╜ф╜ахе╜ф╜ахе╜ф╜ахе╜ф╜ахе╜ф╜ахе╜ф╜ахе╜ф╜ахе╜ф╜ахе╜ф╜ахе╜ф╜ахе╜ф╜ахе╜ф╜ахе╜ф╜ахе╜ф╜ахе╜ф╜ахе╜ф╜ахе╜ф╜ахе╜ф╜ахе╜ф╜ахе╜ф╜ахе╜ф╜ахе╜ф╜ахе╜ф╜ахе╜ф╜ахе╜ф╜ахе╜ф╜ахе╜ф╜ахе╜ф╜ахе╜ф╜ахе╜ф╜ахе╜ф╜ахе╜ф╜ахе╜ф╜ахе╜ф╜ахе╜ф╜ахе╜ф╜ахе╜ф╜ахе╜ф╜ахе╜ф╜ахе╜ф╜ахе╜ф╜ахе╜ф╜ахе╜ф╜ахе╜ф╜ахе╜ф╜ахе╜ф╜ахе╜ф╜ахе╜ф╜ахе╜ф╜ахе╜ф╜ахе╜ф╜ахе╜ф╜ахе╜ф╜ахе╜ф╜ахе╜ф╜ахе╜ф╜ахе╜ф╜ахе╜ф╜ахе╜ф╜ахе╜ф╜ахе╜ф╜ахе╜ф╜ахе╜ф╜ахе╜ф╜ахе╜ф╜ахе╜ф╜ахе╜ф╜ахе╜ф╜ахе╜ф╜ахе╜ф╜ахе╜ф╜ахе╜ф╜ахе╜ф╜ахе╜ф╜ахе╜ф╜ахе╜ф╜ахе╜ф╜ахе╜ф╜ахе╜ф╜ахе╜ф╜ахе╜ф╜ахе╜ф╜ахе╜ф╜ахе╜ф╜ахе╜ф╜ахе╜ф╜ахе╜ф╜ахе╜ф╜ахе╜ф╜ахе╜ф╜ахе╜ф╜ахе╜ф╜ахе╜ф╜ахе╜ф╜ахе╜ф╜ахе╜ф╜ахе╜ф╜ахе╜ф╜ахе╜ф╜ахе╜ф╜ахе╜ф╜ахе╜ф╜ахе╜ф╜ахе╜ф╜ахе╜ф╜ахе╜ф╜ахе╜ф╜ахе╜ф╜ахе╜ф╜ахе╜ф╜ахе╜ф╜ахе╜ф╜ахе╜ф╜ахе╜ф╜ахе╜ф╜ахе╜ф╜ахе╜ф╜ахе╜ф╜ахе╜ф╜ахе╜ф╜ахе╜ф╜ахе╜ф╜ахе╜ф╜ахе╜ф╜ахе╜ф╜ахе╜ф╜ахе╜ф╜ахе╜ф╜ахе╜ф╜ахе╜ф╜ахе╜ф╜ахе╜ф╜ахе╜ф╜ахе╜ф╜ахе╜ф╜ахе╜ф╜ахе╜ф╜ахе╜ф╜ахе╜ф╜ахе╜ф╜ахе╜ф╜ахе╜ф╜ахе╜ф╜ахе╜ф╜ахе╜ф╜ахе╜ф╜ахе╜ф╜ахе╜ф╜ахе╜ф╜ахе╜ф╜ахе╜ф╜ахе╜ф╜ахе╜ф╜ахе╜ф╜ахе╜ф╜ахе╜ф╜ахе╜ф╜ахе╜ф╜ахе╜ф╜ахе╜ф╜ахе╜ф╜ахе╜ф╜ахе╜ф╜ахе╜ф╜ахе╜ф╜ахе╜ф╜ахе╜ф╜ахе╜ф╜ахе╜ф╜ахе╜ф╜ахе╜ф╜ахе╜ф╜ахе╜ф╜ахе╜ф╜ахе╜ф╜ахе╜ф╜ахе╜ф╜ахе╜ф╜ахе╜ф╜ахе╜ф╜ахе╜ф╜ахе╜ф╜ахе╜ф╜ахе╜ф╜ахе╜ф╜ахе╜ф╜ахе╜ф╜ахе╜ф╜ахе╜уАВ']
2024-06-25 14:09:12	line:265		['zh']
2024-06-25 14:09:12	line:535		Traceback (most recent call last):
  File "/DATA/jupyter/share/lixinhao/bingtang/GPT-SoVITS/GPT_SoVITS/inference_webui2.py", line 526, in tts
    sr, audio = next(get_tts_wav(sovits_weights,gpt_weights,ref_path,ref_path[:-4],  text=text))
  File "/DATA/jupyter/share/lixinhao/bingtang/GPT-SoVITS/GPT_SoVITS/inference_webui2.py", line 371, in get_tts_wav
    phones2,bert2,norm_text2=get_phones_and_bert(text, text_language)
  File "/DATA/jupyter/share/lixinhao/bingtang/GPT-SoVITS/GPT_SoVITS/inference_webui2.py", line 272, in get_phones_and_bert
    bert = get_bert_inf(phones, word2ph, norm_text, lang)
  File "/DATA/jupyter/share/lixinhao/bingtang/GPT-SoVITS/GPT_SoVITS/inference_webui2.py", line 208, in get_bert_inf
    bert = get_bert_feature(norm_text, word2ph).to(device)#.to(dtype)
  File "/DATA/jupyter/share/lixinhao/bingtang/GPT-SoVITS/GPT_SoVITS/inference_webui2.py", line 90, in get_bert_feature
    res = bert_model(**inputs, output_hidden_states=True)
  File "/root/miniconda3/envs/index/lib/python3.10/site-packages/torch/nn/modules/module.py", line 1518, in _wrapped_call_impl
    return self._call_impl(*args, **kwargs)
  File "/root/miniconda3/envs/index/lib/python3.10/site-packages/torch/nn/modules/module.py", line 1527, in _call_impl
    return forward_call(*args, **kwargs)
  File "/root/miniconda3/envs/index/lib/python3.10/site-packages/transformers/models/bert/modeling_bert.py", line 1358, in forward
    outputs = self.bert(
  File "/root/miniconda3/envs/index/lib/python3.10/site-packages/torch/nn/modules/module.py", line 1518, in _wrapped_call_impl
    return self._call_impl(*args, **kwargs)
  File "/root/miniconda3/envs/index/lib/python3.10/site-packages/torch/nn/modules/module.py", line 1527, in _call_impl
    return forward_call(*args, **kwargs)
  File "/root/miniconda3/envs/index/lib/python3.10/site-packages/transformers/models/bert/modeling_bert.py", line 1015, in forward
    embedding_output = self.embeddings(
  File "/root/miniconda3/envs/index/lib/python3.10/site-packages/torch/nn/modules/module.py", line 1518, in _wrapped_call_impl
    return self._call_impl(*args, **kwargs)
  File "/root/miniconda3/envs/index/lib/python3.10/site-packages/torch/nn/modules/module.py", line 1527, in _call_impl
    return forward_call(*args, **kwargs)
  File "/root/miniconda3/envs/index/lib/python3.10/site-packages/transformers/models/bert/modeling_bert.py", line 238, in forward
    embeddings += position_embeddings
RuntimeError: The size of tensor a (1027) must match the size of tensor b (512) at non-singleton dimension 1

2024-06-25 14:09:12	line:97		127.0.0.1 - - [25/Jun/2024 14:09:12] "POST /tts HTTP/1.1" 200 -
2024-06-25 14:09:25	line:310		хоЮщЩЕш╛УхЕечЪДхПВшАГцЦЗцЬм:-ref_wavs/цЙАф╗ечО░хЬихПИщЗНцЦ░хЫЮхИ░ш┐ЩщЗМхТМхдзхо╢шзБщЭвф║ЖхСвуАВ
2024-06-25 14:09:25	line:314		хоЮщЩЕш╛УхЕечЪДчЫоцаЗцЦЗцЬм:-уАВф╜ахе╜я╝Мч│ЦцЮЬщУ║уАВ
2024-06-25 14:09:25	line:342		using ref cache
2024-06-25 14:09:25	line:358		хоЮщЩЕш╛УхЕечЪДчЫоцаЗцЦЗцЬм(хИЗхПехРО):-уАВф╜ахе╜я╝Мч│ЦцЮЬщУ║уАВ
2024-06-25 14:09:25	line:370		хоЮщЩЕш╛УхЕечЪДчЫоцаЗцЦЗцЬм(цпПхПе):-уАВф╜ахе╜я╝Мч│ЦцЮЬщУ║уАВ
2024-06-25 14:09:25	line:264		['уАВф╜ахе╜я╝Мч│ЦцЮЬщУ║уАВ']
2024-06-25 14:09:25	line:265		['zh']
2024-06-25 14:09:25	line:372		хЙНчлпхдДчРЖхРОчЪДцЦЗцЬм(цпПхПе):-.ф╜ахе╜,ч│ЦцЮЬщУ║.
2024-06-25 14:09:26	line:420		0.001	0.036	0.264	0.527
2024-06-25 14:09:26	line:531		0.8328197002410889
2024-06-25 14:09:26	line:97		127.0.0.1 - - [25/Jun/2024 14:09:26] "POST /tts HTTP/1.1" 200 -
2024-06-25 14:10:32	line:97		127.0.0.1 - - [25/Jun/2024 14:10:32] "POST /update_weights HTTP/1.1" 200 -
2024-06-25 14:10:44	line:310		хоЮщЩЕш╛УхЕечЪДхПВшАГцЦЗцЬм:-ref_wavs/цЙАф╗ечО░хЬихПИщЗНцЦ░хЫЮхИ░ш┐ЩщЗМхТМхдзхо╢шзБщЭвф║ЖхСвуАВ
2024-06-25 14:10:44	line:314		хоЮщЩЕш╛УхЕечЪДчЫоцаЗцЦЗцЬм:-ф╜аф╕кхВ╗щА╝я╝МцИСц╡Лф╜ащйм
2024-06-25 14:10:44	line:342		using ref cache
2024-06-25 14:10:44	line:358		хоЮщЩЕш╛УхЕечЪДчЫоцаЗцЦЗцЬм(хИЗхПехРО):-ф╜аф╕кхВ╗щА╝я╝МцИСц╡Лф╜ащйм
2024-06-25 14:10:44	line:370		хоЮщЩЕш╛УхЕечЪДчЫоцаЗцЦЗцЬм(цпПхПе):-ф╜аф╕кхВ╗щА╝я╝МцИСц╡Лф╜ащймуАВ
2024-06-25 14:10:44	line:264		['ф╜аф╕кхВ╗щА╝я╝МцИСц╡Лф╜ащймуАВ']
2024-06-25 14:10:44	line:265		['zh']
2024-06-25 14:10:44	line:372		хЙНчлпхдДчРЖхРОчЪДцЦЗцЬм(цпПхПе):-ф╜аф╕кхВ╗щА╝,цИСц╡Лф╜ащйм.
2024-06-25 14:10:45	line:420		0.002	0.045	0.390	0.498
2024-06-25 14:10:45	line:531		0.9393520355224609
2024-06-25 14:10:45	line:97		127.0.0.1 - - [25/Jun/2024 14:10:45] "POST /tts HTTP/1.1" 200 -
2024-06-25 14:13:00	line:310		хоЮщЩЕш╛УхЕечЪДхПВшАГцЦЗцЬм:-ref_wavs/цЙАф╗ечО░хЬихПИщЗНцЦ░хЫЮхИ░ш┐ЩщЗМхТМхдзхо╢шзБщЭвф║ЖхСвуАВ
2024-06-25 14:13:00	line:314		хоЮщЩЕш╛УхЕечЪДчЫоцаЗцЦЗцЬм:-цККф╜аЁЯРОч╗ЩцИСф║дф║Жя╝МцИСцХЩф╜а
2024-06-25 14:13:00	line:342		using ref cache
2024-06-25 14:13:00	line:358		хоЮщЩЕш╛УхЕечЪДчЫоцаЗцЦЗцЬм(хИЗхПехРО):-цККф╜аЁЯРОч╗ЩцИСф║дф║Жя╝МцИСцХЩф╜а
2024-06-25 14:13:00	line:370		хоЮщЩЕш╛УхЕечЪДчЫоцаЗцЦЗцЬм(цпПхПе):-цККф╜аЁЯРОч╗ЩцИСф║дф║Жя╝МцИСцХЩф╜ауАВ
2024-06-25 14:13:00	line:264		['цККф╜аЁЯРОч╗ЩцИСф║дф║Жя╝МцИСцХЩф╜ауАВ']
2024-06-25 14:13:00	line:265		['zh']
2024-06-25 14:13:00	line:372		хЙНчлпхдДчРЖхРОчЪДцЦЗцЬм(цпПхПе):-цККф╜ач╗ЩцИСф║дф║Ж,цИСцХЩф╜а.
2024-06-25 14:13:01	line:420		0.001	0.044	0.495	0.685
2024-06-25 14:13:01	line:531		1.230241298675537
2024-06-25 14:13:01	line:97		127.0.0.1 - - [25/Jun/2024 14:13:01] "POST /tts HTTP/1.1" 200 -
2024-06-25 17:41:11	line:169		Number of parameter: 77.49M
2024-06-25 17:41:11	line:153		<All keys matched successfully>
2024-06-25 17:41:12	line:97		[31m[1mWARNING: This is a development server. Do not use it in a production deployment. Use a production WSGI server instead.[0m
 * Running on all addresses (0.0.0.0)
 * Running on http://127.0.0.1:4569
 * Running on http://10.156.25.140:4569
2024-06-25 17:41:12	line:97		[33mPress CTRL+C to quit[0m
2024-06-25 17:47:50	line:310		хоЮщЩЕш╛УхЕечЪДхПВшАГцЦЗцЬм:-ref_wavs/цЙАф╗ечО░хЬихПИщЗНцЦ░хЫЮхИ░ш┐ЩщЗМхТМхдзхо╢шзБщЭвф║ЖхСвуАВ
2024-06-25 17:47:50	line:314		хоЮщЩЕш╛УхЕечЪДчЫоцаЗцЦЗцЬм:-уАВф╜ахе╜хСАя╝Мч│ЦцЮЬщУ║уАВ
2024-06-25 17:47:56	line:358		хоЮщЩЕш╛УхЕечЪДчЫоцаЗцЦЗцЬм(хИЗхПехРО):-уАВф╜ахе╜хСАя╝Мч│ЦцЮЬщУ║уАВ
2024-06-25 17:47:58	line:370		хоЮщЩЕш╛УхЕечЪДчЫоцаЗцЦЗцЬм(цпПхПе):-уАВф╜ахе╜хСАя╝Мч│ЦцЮЬщУ║уАВ
2024-06-25 17:47:58	line:264		['уАВф╜ахе╜хСАя╝Мч│ЦцЮЬщУ║уАВ']
2024-06-25 17:47:58	line:265		['zh']
2024-06-25 17:47:58	line:372		хЙНчлпхдДчРЖхРОчЪДцЦЗцЬм(цпПхПе):-.ф╜ахе╜хСА,ч│ЦцЮЬщУ║.
2024-06-25 17:47:59	line:420		5.701	1.633	0.422	0.576
2024-06-25 17:47:59	line:531		8.337408304214478
2024-06-25 17:47:59	line:97		127.0.0.1 - - [25/Jun/2024 17:47:59] "POST /tts HTTP/1.1" 200 -
2024-06-25 17:48:30	line:97		127.0.0.1 - - [25/Jun/2024 17:48:30] "POST /update_weights HTTP/1.1" 200 -
2024-06-25 17:49:54	line:310		хоЮщЩЕш╛УхЕечЪДхПВшАГцЦЗцЬм:-ref_wavs/цЙАф╗ечО░хЬихПИщЗНцЦ░хЫЮхИ░ш┐ЩщЗМхТМхдзхо╢шзБщЭвф║ЖхСвуАВ
2024-06-25 17:49:54	line:314		хоЮщЩЕш╛УхЕечЪДчЫоцаЗцЦЗцЬм:-ф╜ачмСцИСцЦЗхМЦчиЛх║жф╜Оя╝МцИСчмСф╜ах╖еш╡Дц░┤х╣│ф╜Оя╝Мф╜аф╕кхВ╗щА╝уАВ
2024-06-25 17:49:54	line:342		using ref cache
2024-06-25 17:49:54	line:358		хоЮщЩЕш╛УхЕечЪДчЫоцаЗцЦЗцЬм(хИЗхПехРО):-ф╜ачмСцИСцЦЗхМЦчиЛх║жф╜Оя╝МцИСчмСф╜ах╖еш╡Дц░┤х╣│ф╜Оя╝Мф╜аф╕кхВ╗щА╝уАВ
2024-06-25 17:49:54	line:370		хоЮщЩЕш╛УхЕечЪДчЫоцаЗцЦЗцЬм(цпПхПе):-ф╜ачмСцИСцЦЗхМЦчиЛх║жф╜Оя╝МцИСчмСф╜ах╖еш╡Дц░┤х╣│ф╜Оя╝Мф╜аф╕кхВ╗щА╝уАВ
2024-06-25 17:49:54	line:264		['ф╜ачмСцИСцЦЗхМЦчиЛх║жф╜Оя╝МцИСчмСф╜ах╖еш╡Дц░┤х╣│ф╜Оя╝Мф╜аф╕кхВ╗щА╝уАВ']
2024-06-25 17:49:54	line:265		['zh']
2024-06-25 17:49:54	line:372		хЙНчлпхдДчРЖхРОчЪДцЦЗцЬм(цпПхПе):-ф╜ачмСцИСцЦЗхМЦчиЛх║жф╜О,цИСчмСф╜ах╖еш╡Дц░┤х╣│ф╜О,ф╜аф╕кхВ╗щА╝.
2024-06-25 17:49:56	line:420		0.001	0.083	1.346	0.500
2024-06-25 17:49:56	line:531		1.9385111331939697
2024-06-25 17:49:56	line:97		127.0.0.1 - - [25/Jun/2024 17:49:56] "POST /tts HTTP/1.1" 200 -
